Component: ARM Compiler 5.06 update 5 (build 528) Tool: armlink [4d3601]

==============================================================================

Section Cross References

    startup_stm32f103xb.o(STACK) refers (Special) to heapauxi.o(.text) for __use_two_region_memory
    startup_stm32f103xb.o(HEAP) refers (Special) to heapauxi.o(.text) for __use_two_region_memory
    startup_stm32f103xb.o(RESET) refers (Special) to heapauxi.o(.text) for __use_two_region_memory
    startup_stm32f103xb.o(RESET) refers to startup_stm32f103xb.o(STACK) for __initial_sp
    startup_stm32f103xb.o(RESET) refers to startup_stm32f103xb.o(.text) for Reset_Handler
    startup_stm32f103xb.o(RESET) refers to stm32f1xx_it.o(i.NMI_Handler) for NMI_Handler
    startup_stm32f103xb.o(RESET) refers to stm32f1xx_it.o(i.HardFault_Handler) for HardFault_Handler
    startup_stm32f103xb.o(RESET) refers to stm32f1xx_it.o(i.MemManage_Handler) for MemManage_Handler
    startup_stm32f103xb.o(RESET) refers to stm32f1xx_it.o(i.BusFault_Handler) for BusFault_Handler
    startup_stm32f103xb.o(RESET) refers to stm32f1xx_it.o(i.UsageFault_Handler) for UsageFault_Handler
    startup_stm32f103xb.o(RESET) refers to stm32f1xx_it.o(i.SVC_Handler) for SVC_Handler
    startup_stm32f103xb.o(RESET) refers to stm32f1xx_it.o(i.DebugMon_Handler) for DebugMon_Handler
    startup_stm32f103xb.o(RESET) refers to stm32f1xx_it.o(i.PendSV_Handler) for PendSV_Handler
    startup_stm32f103xb.o(RESET) refers to stm32f1xx_it.o(i.SysTick_Handler) for SysTick_Handler
    startup_stm32f103xb.o(RESET) refers to stm32f1xx_it.o(i.DMA1_Channel1_IRQHandler) for DMA1_Channel1_IRQHandler
    startup_stm32f103xb.o(RESET) refers to stm32f1xx_it.o(i.USART1_IRQHandler) for USART1_IRQHandler
    startup_stm32f103xb.o(.text) refers (Special) to heapauxi.o(.text) for __use_two_region_memory
    startup_stm32f103xb.o(.text) refers to system_stm32f1xx.o(i.SystemInit) for SystemInit
    startup_stm32f103xb.o(.text) refers to __main.o(!!!main) for __main
    startup_stm32f103xb.o(.text) refers to startup_stm32f103xb.o(HEAP) for Heap_Mem
    startup_stm32f103xb.o(.text) refers to startup_stm32f103xb.o(STACK) for Stack_Mem
    main.o(i.HAL_ADC_ConvCpltCallback) refers to main.o(.data) for .data
    main.o(i.HAL_ADC_ConvCpltCallback) refers to main.o(.bss) for .bss
    main.o(i.SystemClock_Config) refers to rt_memclr_w.o(.text) for __aeabi_memclr4
    main.o(i.SystemClock_Config) refers to stm32f1xx_hal_rcc.o(i.HAL_RCC_OscConfig) for HAL_RCC_OscConfig
    main.o(i.SystemClock_Config) refers to stm32f1xx_hal_rcc.o(i.HAL_RCC_ClockConfig) for HAL_RCC_ClockConfig
    main.o(i.SystemClock_Config) refers to stm32f1xx_hal_rcc_ex.o(i.HAL_RCCEx_PeriphCLKConfig) for HAL_RCCEx_PeriphCLKConfig
    main.o(i.calculate_and_display_high_level_avg) refers to _printf_percent.o(.ARM.Collect$$_printf_percent$$00000000) for _printf_percent
    main.o(i.calculate_and_display_high_level_avg) refers to _printf_u.o(.ARM.Collect$$_printf_percent$$0000000A) for _printf_u
    main.o(i.calculate_and_display_high_level_avg) refers to _printf_f.o(.ARM.Collect$$_printf_percent$$00000003) for _printf_f
    main.o(i.calculate_and_display_high_level_avg) refers to _printf_s.o(.ARM.Collect$$_printf_percent$$00000014) for _printf_s
    main.o(i.calculate_and_display_high_level_avg) refers to _printf_dec.o(.text) for _printf_int_dec
    main.o(i.calculate_and_display_high_level_avg) refers to printf1.o(x$fpl$printf1) for _printf_fp_dec
    main.o(i.calculate_and_display_high_level_avg) refers to _printf_str.o(.text) for _printf_str
    main.o(i.calculate_and_display_high_level_avg) refers to fflt_clz.o(x$fpl$ffltu) for __aeabi_ui2f
    main.o(i.calculate_and_display_high_level_avg) refers to faddsub_clz.o(x$fpl$fadd) for __aeabi_fadd
    main.o(i.calculate_and_display_high_level_avg) refers to fdiv.o(x$fpl$fdiv) for __aeabi_fdiv
    main.o(i.calculate_and_display_high_level_avg) refers to f2d.o(x$fpl$f2d) for __aeabi_f2d
    main.o(i.calculate_and_display_high_level_avg) refers to __2sprintf.o(.text) for __2sprintf
    main.o(i.calculate_and_display_high_level_avg) refers to strcpy.o(.text) for strcpy
    main.o(i.main) refers to _printf_percent.o(.ARM.Collect$$_printf_percent$$00000000) for _printf_percent
    main.o(i.main) refers to _printf_f.o(.ARM.Collect$$_printf_percent$$00000003) for _printf_f
    main.o(i.main) refers to printf1.o(x$fpl$printf1) for _printf_fp_dec
    main.o(i.main) refers to stm32f1xx_hal.o(i.HAL_Init) for HAL_Init
    main.o(i.main) refers to main.o(i.SystemClock_Config) for SystemClock_Config
    main.o(i.main) refers to gpio.o(i.MX_GPIO_Init) for MX_GPIO_Init
    main.o(i.main) refers to dma.o(i.MX_DMA_Init) for MX_DMA_Init
    main.o(i.main) refers to i2c.o(i.MX_I2C1_Init) for MX_I2C1_Init
    main.o(i.main) refers to usart.o(i.MX_USART1_UART_Init) for MX_USART1_UART_Init
    main.o(i.main) refers to tim.o(i.MX_TIM1_Init) for MX_TIM1_Init
[...]
    i.HAL_ADC_ConvCpltCallback               0x08001834   Section        0  main.o(i.HAL_ADC_ConvCpltCallback)
    i.HAL_ADC_ConvHalfCpltCallback           0x08001880   Section        0  stm32f1xx_hal_adc.o(i.HAL_ADC_ConvHalfCpltCallback)
    i.HAL_ADC_ErrorCallback                  0x08001882   Section        0  stm32f1xx_hal_adc.o(i.HAL_ADC_ErrorCallback)
    i.HAL_ADC_Init                           0x08001884   Section        0  stm32f1xx_hal_adc.o(i.HAL_ADC_Init)
    i.HAL_ADC_MspInit                        0x080019a0   Section        0  adc.o(i.HAL_ADC_MspInit)
    i.HAL_ADC_PollForConversion              0x08001a2c   Section        0  stm32f1xx_hal_adc.o(i.HAL_ADC_PollForConversion)
    i.HAL_ADC_Start_DMA                      0x08001b68   Section        0  stm32f1xx_hal_adc.o(i.HAL_ADC_Start_DMA)
    i.HAL_DMA_Abort                          0x08001c74   Section        0  stm32f1xx_hal_dma.o(i.HAL_DMA_Abort)
    i.HAL_DMA_Abort_IT                       0x08001cbc   Section        0  stm32f1xx_hal_dma.o(i.HAL_DMA_Abort_IT)
    i.HAL_DMA_IRQHandler                     0x08001d54   Section        0  stm32f1xx_hal_dma.o(i.HAL_DMA_IRQHandler)
    i.HAL_DMA_Init                           0x08001ea8   Section        0  stm32f1xx_hal_dma.o(i.HAL_DMA_Init)
    i.HAL_DMA_Start_IT                       0x08001f04   Section        0  stm32f1xx_hal_dma.o(i.HAL_DMA_Start_IT)
    i.HAL_Delay                              0x08001f74   Section        0  stm32f1xx_hal.o(i.HAL_Delay)
    i.HAL_GPIO_Init                          0x08001f98   Section        0  stm32f1xx_hal_gpio.o(i.HAL_GPIO_Init)
    i.HAL_GPIO_ReadPin                       0x08002178   Section        0  stm32f1xx_hal_gpio.o(i.HAL_GPIO_ReadPin)
    i.HAL_GetTick                            0x08002184   Section        0  stm32f1xx_hal.o(i.HAL_GetTick)
    i.HAL_I2C_Init                           0x08002190   Section        0  stm32f1xx_hal_i2c.o(i.HAL_I2C_Init)
    i.HAL_I2C_Mem_Write                      0x08002318   Section        0  stm32f1xx_hal_i2c.o(i.HAL_I2C_Mem_Write)
    i.HAL_I2C_MspInit                        0x08002448   Section        0  i2c.o(i.HAL_I2C_MspInit)
    i.HAL_IncTick                            0x080024a4   Section        0  stm32f1xx_hal.o(i.HAL_IncTick)
    i.HAL_Init                               0x080024b4   Section        0  stm32f1xx_hal.o(i.HAL_Init)
    i.HAL_InitTick                           0x080024d8   Section        0  stm32f1xx_hal.o(i.HAL_InitTick)
    i.HAL_MspInit                            0x08002518   Section        0  stm32f1xx_hal_msp.o(i.HAL_MspInit)
    i.HAL_NVIC_EnableIRQ                     0x08002554   Section        0  stm32f1xx_hal_cortex.o(i.HAL_NVIC_EnableIRQ)
    i.HAL_NVIC_SetPriority                   0x08002570   Section        0  stm32f1xx_hal_cortex.o(i.HAL_NVIC_SetPriority)
    i.HAL_NVIC_SetPriorityGrouping           0x080025b0   Section        0  stm32f1xx_hal_cortex.o(i.HAL_NVIC_SetPriorityGrouping)
    i.HAL_RCCEx_GetPeriphCLKFreq             0x080025d4   Section        0  stm32f1xx_hal_rcc_ex.o(i.HAL_RCCEx_GetPeriphCLKFreq)
    i.HAL_RCCEx_PeriphCLKConfig              0x08002678   Section        0  stm32f1xx_hal_rcc_ex.o(i.HAL_RCCEx_PeriphCLKConfig)
    i.HAL_RCC_ClockConfig                    0x08002764   Section        0  stm32f1xx_hal_rcc.o(i.HAL_RCC_ClockConfig)
    i.HAL_RCC_GetPCLK1Freq                   0x08002890   Section        0  stm32f1xx_hal_rcc.o(i.HAL_RCC_GetPCLK1Freq)
    i.HAL_RCC_GetPCLK2Freq                   0x080028b0   Section        0  stm32f1xx_hal_rcc.o(i.HAL_RCC_GetPCLK2Freq)
    i.HAL_RCC_GetSysClockFreq                0x080028d0   Section        0  stm32f1xx_hal_rcc.o(i.HAL_RCC_GetSysClockFreq)
    i.HAL_RCC_OscConfig                      0x0800291c   Section        0  stm32f1xx_hal_rcc.o(i.HAL_RCC_OscConfig)
    i.HAL_SYSTICK_Config                     0x08002c3c   Section        0  stm32f1xx_hal_cortex.o(i.HAL_SYSTICK_Config)
    i.HAL_TIMEx_ConfigBreakDeadTime          0x08002c64   Section        0  stm32f1xx_hal_tim_ex.o(i.HAL_TIMEx_ConfigBreakDeadTime)
    i.HAL_TIMEx_MasterConfigSynchronization  0x08002cb8   Section        0  stm32f1xx_hal_tim_ex.o(i.HAL_TIMEx_MasterConfigSynchronization)
    i.HAL_TIM_Base_Init                      0x08002d20   Section        0  stm32f1xx_hal_tim.o(i.HAL_TIM_Base_Init)
    i.HAL_TIM_Base_MspInit                   0x08002d7c   Section        0  tim.o(i.HAL_TIM_Base_MspInit)
    i.HAL_TIM_ConfigClockSource              0x08002da4   Section        0  stm32f1xx_hal_tim.o(i.HAL_TIM_ConfigClockSource)
    i.HAL_TIM_MspPostInit                    0x08002e80   Section        0  tim.o(i.HAL_TIM_MspPostInit)
    i.HAL_TIM_PWM_ConfigChannel              0x08002ecc   Section        0  stm32f1xx_hal_tim.o(i.HAL_TIM_PWM_ConfigChannel)
    i.HAL_TIM_PWM_Init                       0x08002f98   Section        0  stm32f1xx_hal_tim.o(i.HAL_TIM_PWM_Init)
    i.HAL_TIM_PWM_MspInit                    0x08002ff2   Section        0  stm32f1xx_hal_tim.o(i.HAL_TIM_PWM_MspInit)
    i.HAL_TIM_PWM_Start                      0x08002ff4   Section        0  stm32f1xx_hal_tim.o(i.HAL_TIM_PWM_Start)
    i.HAL_UARTEx_RxEventCallback             0x08003090   Section        0  stm32f1xx_hal_uart.o(i.HAL_UARTEx_RxEventCallback)
    i.HAL_UART_ErrorCallback                 0x08003092   Section        0  stm32f1xx_hal_uart.o(i.HAL_UART_ErrorCallback)
    i.HAL_UART_IRQHandler                    0x08003094   Section        0  stm32f1xx_hal_uart.o(i.HAL_UART_IRQHandler)
    i.HAL_UART_Init                          0x08003300   Section        0  stm32f1xx_hal_uart.o(i.HAL_UART_Init)
    i.HAL_UART_MspInit                       0x08003364   Section        0  usart.o(i.HAL_UART_MspInit)
    i.HAL_UART_RxCpltCallback                0x080033e4   Section        0  stm32f1xx_hal_uart.o(i.HAL_UART_RxCpltCallback)
    i.HAL_UART_Transmit                      0x080033e6   Section        0  stm32f1xx_hal_uart.o(i.HAL_UART_Transmit)
    i.HAL_UART_TxCpltCallback                0x08003480   Section        0  stm32f1xx_hal_uart.o(i.HAL_UART_TxCpltCallback)
    i.HardFault_Handler                      0x08003482   Section        0  stm32f1xx_it.o(i.HardFault_Handler)
    i.I2C_IsAcknowledgeFailed                0x08003484   Section        0  stm32f1xx_hal_i2c.o(i.I2C_IsAcknowledgeFailed)
    I2C_IsAcknowledgeFailed                  0x08003485   Thumb Code    46  stm32f1xx_hal_i2c.o(i.I2C_IsAcknowledgeFailed)
    i.I2C_RequestMemoryWrite                 0x080034b4   Section        0  stm32f1xx_hal_i2c.o(i.I2C_RequestMemoryWrite)
    I2C_RequestMemoryWrite                   0x080034b5   Thumb Code   162  stm32f1xx_hal_i2c.o(i.I2C_RequestMemoryWrite)
    i.I2C_WaitOnBTFFlagUntilTimeout          0x0800355c   Section        0  stm32f1xx_hal_i2c.o(i.I2C_WaitOnBTFFlagUntilTimeout)
    I2C_WaitOnBTFFlagUntilTimeout            0x0800355d   Thumb Code    86  stm32f1xx_hal_i2c.o(i.I2C_WaitOnBTFFlagUntilTimeout)
    i.I2C_WaitOnFlagUntilTimeout             0x080035b4   Section        0  stm32f1xx_hal_i2c.o(i.I2C_WaitOnFlagUntilTimeout)
    I2C_WaitOnFlagUntilTimeout               0x080035b5   Thumb Code   144  stm32f1xx_hal_i2c.o(i.I2C_WaitOnFlagUntilTimeout)
    i.I2C_WaitOnMasterAddressFlagUntilTimeout 0x08003644   Section        0  stm32f1xx_hal_i2c.o(i.I2C_WaitOnMasterAddressFlagUntilTimeout)
    I2C_WaitOnMasterAddressFlagUntilTimeout  0x08003645   Thumb Code   188  stm32f1xx_hal_i2c.o(i.I2C_WaitOnMasterAddressFlagUntilTimeout)
    i.I2C_WaitOnTXEFlagUntilTimeout          0x08003700   Section        0  stm32f1xx_hal_i2c.o(i.I2C_WaitOnTXEFlagUntilTimeout)
    I2C_WaitOnTXEFlagUntilTimeout            0x08003701   Thumb Code    86  stm32f1xx_hal_i2c.o(i.I2C_WaitOnTXEFlagUntilTimeout)
    i.MX_ADC1_Init                           0x08003758   Section        0  adc.o(i.MX_ADC1_Init)
    i.MX_DMA_Init                            0x080037c0   Section        0  dma.o(i.MX_DMA_Init)
    i.MX_GPIO_Init                           0x080037ec   Section        0  gpio.o(i.MX_GPIO_Init)
    i.MX_I2C1_Init                           0x08003868   Section        0  i2c.o(i.MX_I2C1_Init)
    i.MX_TIM1_Init                           0x080038a8   Section        0  tim.o(i.MX_TIM1_Init)
    i.MX_USART1_UART_Init                    0x08003974   Section        0  usart.o(i.MX_USART1_UART_Init)
    i.MemManage_Handler                      0x080039ac   Section        0  stm32f1xx_it.o(i.MemManage_Handler)
    i.NMI_Handler                            0x080039ae   Section        0  stm32f1xx_it.o(i.NMI_Handler)
    i.OLED_Clear                             0x080039b0   Section        0  oled.o(i.OLED_Clear)
    i.OLED_Init                              0x080039e4   Section        0  oled.o(i.OLED_Init)
    i.OLED_Set_Pos                           0x08003a04   Section        0  oled.o(i.OLED_Set_Pos)
    i.OLED_ShowChar                          0x08003a28   Section        0  oled.o(i.OLED_ShowChar)
    i.OLED_ShowString                        0x08003ac4   Section        0  oled.o(i.OLED_ShowString)
    i.OLED_WR_CMD                            0x08003b1c   Section        0  oled.o(i.OLED_WR_CMD)
    i.OLED_WR_DATA                           0x08003b40   Section        0  oled.o(i.OLED_WR_DATA)
    i.PendSV_Handler                         0x08003b64   Section        0  stm32f1xx_it.o(i.PendSV_Handler)
    i.SVC_Handler                            0x08003b66   Section        0  stm32f1xx_it.o(i.SVC_Handler)
    i.SysTick_Handler                        0x08003b68   Section        0  stm32f1xx_it.o(i.SysTick_Handler)
    i.SystemClock_Config                     0x08003b6c   Section        0  main.o(i.SystemClock_Config)
    i.SystemInit                             0x08003be4   Section        0  system_stm32f1xx.o(i.SystemInit)
    i.TIM_Base_SetConfig                     0x08003be8   Section        0  stm32f1xx_hal_tim.o(i.TIM_Base_SetConfig)
    i.TIM_CCxChannelCmd                      0x08003c54   Section        0  stm32f1xx_hal_tim.o(i.TIM_CCxChannelCmd)
    i.TIM_ETR_SetConfig                      0x08003c6e   Section        0  stm32f1xx_hal_tim.o(i.TIM_ETR_SetConfig)
    i.TIM_ITRx_SetConfig                     0x08003c82   Section        0  stm32f1xx_hal_tim.o(i.TIM_ITRx_SetConfig)
    TIM_ITRx_SetConfig                       0x08003c83   Thumb Code    16  stm32f1xx_hal_tim.o(i.TIM_ITRx_SetConfig)
    i.TIM_OC1_SetConfig                      0x08003c94   Section        0  stm32f1xx_hal_tim.o(i.TIM_OC1_SetConfig)
    TIM_OC1_SetConfig                        0x08003c95   Thumb Code    74  stm32f1xx_hal_tim.o(i.TIM_OC1_SetConfig)
    i.TIM_OC2_SetConfig                      0x08003ce4   Section        0  stm32f1xx_hal_tim.o(i.TIM_OC2_SetConfig)
    i.TIM_OC3_SetConfig                      0x08003d3c   Section        0  stm32f1xx_hal_tim.o(i.TIM_OC3_SetConfig)
    TIM_OC3_SetConfig                        0x08003d3d   Thumb Code    82  stm32f1xx_hal_tim.o(i.TIM_OC3_SetConfig)
    i.TIM_OC4_SetConfig                      0x08003d94   Section        0  stm32f1xx_hal_tim.o(i.TIM_OC4_SetConfig)
    TIM_OC4_SetConfig                        0x08003d95   Thumb Code    64  stm32f1xx_hal_tim.o(i.TIM_OC4_SetConfig)
    i.TIM_TI1_ConfigInputStage               0x08003dd8   Section        0  stm32f1xx_hal_tim.o(i.TIM_TI1_ConfigInputStage)
    TIM_TI1_ConfigInputStage                 0x08003dd9   Thumb Code    34  stm32f1xx_hal_tim.o(i.TIM_TI1_ConfigInputStage)
    i.TIM_TI2_ConfigInputStage               0x08003dfa   Section        0  stm32f1xx_hal_tim.o(i.TIM_TI2_ConfigInputStage)
    TIM_TI2_ConfigInputStage                 0x08003dfb   Thumb Code    36  stm32f1xx_hal_tim.o(i.TIM_TI2_ConfigInputStage)
    i.UART_DMAAbortOnError                   0x08003e1e   Section        0  stm32f1xx_hal_uart.o(i.UART_DMAAbortOnError)
    UART_DMAAbortOnError                     0x08003e1f   Thumb Code    16  stm32f1xx_hal_uart.o(i.UART_DMAAbortOnError)
    i.UART_EndRxTransfer                     0x08003e2e   Section        0  stm32f1xx_hal_uart.o(i.UART_EndRxTransfer)
    UART_EndRxTransfer                       0x08003e2f   Thumb Code    78  stm32f1xx_hal_uart.o(i.UART_EndRxTransfer)
    i.UART_Receive_IT                        0x08003e7c   Section        0  stm32f1xx_hal_uart.o(i.UART_Receive_IT)
    UART_Receive_IT                          0x08003e7d   Thumb Code   194  stm32f1xx_hal_uart.o(i.UART_Receive_IT)
    i.UART_SetConfig                         0x08003f40   Section        0  stm32f1xx_hal_uart.o(i.UART_SetConfig)
    UART_SetConfig                           0x08003f41   Thumb Code   178  stm32f1xx_hal_uart.o(i.UART_SetConfig)
    i.UART_WaitOnFlagUntilTimeout            0x08003ff8   Section        0  stm32f1xx_hal_uart.o(i.UART_WaitOnFlagUntilTimeout)
    UART_WaitOnFlagUntilTimeout              0x08003ff9   Thumb Code   120  stm32f1xx_hal_uart.o(i.UART_WaitOnFlagUntilTimeout)
    i.USART1_IRQHandler                      0x08004070   Section        0  stm32f1xx_it.o(i.USART1_IRQHandler)
    i.UsageFault_Handler                     0x0800407c   Section        0  stm32f1xx_it.o(i.UsageFault_Handler)
    i.__ARM_fpclassify                       0x0800407e   Section        0  fpclassify.o(i.__ARM_fpclassify)
    i.__NVIC_SetPriority                     0x080040a6   Section        0  stm32f1xx_hal_cortex.o(i.__NVIC_SetPriority)
    __NVIC_SetPriority                       0x080040a7   Thumb Code    32  stm32f1xx_hal_cortex.o(i.__NVIC_SetPriority)
    i._is_digit                              0x080040c6   Section        0  __printf_wp.o(i._is_digit)
    i.calculate_and_display_high_level_avg   0x080040d4   Section        0  main.o(i.calculate_and_display_high_level_avg)
    i.main                                   0x08004194   Section        0  main.o(i.main)
    i.read_8_io                              0x08004628   Section        0  main.o(i.read_8_io)
    i.send_length_x_as_binary_and_decimal    0x08004664   Section        0  main.o(i.send_length_x_as_binary_and_decimal)
    locale$$code                             0x080046e0   Section       44  lc_numeric_c.o(locale$$code)
    x$fpl$d2f                                0x0800470c   Section       98  d2f.o(x$fpl$d2f)
    x$fpl$dadd                               0x08004770   Section      336  daddsub_clz.o(x$fpl$dadd)
    _dadd1                                   0x08004781   Thumb Code     0  daddsub_clz.o(x$fpl$dadd)
    x$fpl$dcmpinf                            0x080048c0   Section       24  dcmpi.o(x$fpl$dcmpinf)
    x$fpl$ddiv                               0x080048d8   Section      688  ddiv.o(x$fpl$ddiv)
    ddiv_entry                               0x080048df   Thumb Code     0  ddiv.o(x$fpl$ddiv)
    x$fpl$dfltu                              0x08004b88   Section       38  dflt_clz.o(x$fpl$dfltu)
    x$fpl$dleqf                              0x08004bb0   Section      120  dleqf.o(x$fpl$dleqf)
    x$fpl$dmul                               0x08004c28   Section      340  dmul.o(x$fpl$dmul)
    x$fpl$dnaninf                            0x08004d7c   Section      156  dnaninf.o(x$fpl$dnaninf)
    x$fpl$dretinf                            0x08004e18   Section       12  dretinf.o(x$fpl$dretinf)
    x$fpl$dsub                               0x08004e24   Section      468  daddsub_clz.o(x$fpl$dsub)
    _dsub1                                   0x08004e35   Thumb Code     0  daddsub_clz.o(x$fpl$dsub)
    x$fpl$f2d                                0x08004ff8   Section       86  f2d.o(x$fpl$f2d)
    x$fpl$fadd                               0x08005050   Section      196  faddsub_clz.o(x$fpl$fadd)
    _fadd1                                   0x0800505f   Thumb Code     0  faddsub_clz.o(x$fpl$fadd)
    x$fpl$fdiv                               0x08005114   Section      388  fdiv.o(x$fpl$fdiv)
    _fdiv1                                   0x08005115   Thumb Code     0  fdiv.o(x$fpl$fdiv)
    x$fpl$ffltu                              0x08005298   Section       38  fflt_clz.o(x$fpl$ffltu)
    x$fpl$fnaninf                            0x080052be   Section      140  fnaninf.o(x$fpl$fnaninf)
    x$fpl$fretinf                            0x0800534a   Section       10  fretinf.o(x$fpl$fretinf)
    x$fpl$fsub                               0x08005354   Section      234  faddsub_clz.o(x$fpl$fsub)
    _fsub1                                   0x08005363   Thumb Code     0  faddsub_clz.o(x$fpl$fsub)
    x$fpl$printf1                            0x0800543e   Section        4  printf1.o(x$fpl$printf1)
    .constdata                               0x08005442   Section       16  main.o(.constdata)
    x$fpl$usenofp                            0x08005442   Section        0  usenofp.o(x$fpl$usenofp)
    .constdata                               0x08005452   Section       18  stm32f1xx_hal_rcc.o(.constdata)
    aPredivFactorTable                       0x08005452   Data           2  stm32f1xx_hal_rcc.o(.constdata)
    aPLLMULFactorTable                       0x08005454   Data          16  stm32f1xx_hal_rcc.o(.constdata)
    .constdata                               0x08005464   Section       18  stm32f1xx_hal_rcc_ex.o(.constdata)
    aPredivFactorTable                       0x08005464   Data           2  stm32f1xx_hal_rcc_ex.o(.constdata)
    aPLLMULFactorTable                       0x08005466   Data          16  stm32f1xx_hal_rcc_ex.o(.constdata)
    .constdata                               0x08005476   Section       16  system_stm32f1xx.o(.constdata)
    .constdata                               0x08005486   Section        8  system_stm32f1xx.o(.constdata)
    .constdata                               0x0800548e   Section      552  oledfont.o(.constdata)
    .constdata                               0x080056b6   Section     1504  oledfont.o(.constdata)
    .constdata                               0x08005c98   Section      148  bigflt0.o(.constdata)
    tenpwrs_x                                0x08005c98   Data          60  bigflt0.o(.constdata)
    tenpwrs_i                                0x08005cd4   Data          64  bigflt0.o(.constdata)
    locale$$data                             0x08005d4c   Section       28  lc_numeric_c.o(locale$$data)
    __lcnum_c_name                           0x08005d50   Data           2  lc_numeric_c.o(locale$$data)
    __lcnum_c_start                          0x08005d58   Data           0  lc_numeric_c.o(locale$$data)
    __lcnum_c_point                          0x08005d64   Data           0  lc_numeric_c.o(locale$$data)
    __lcnum_c_thousands                      0x08005d66   Data           0  lc_numeric_c.o(locale$$data)
    __lcnum_c_grouping                       0x08005d67   Data           0  lc_numeric_c.o(locale$$data)
    __lcnum_c_end                            0x08005d68   Data           0  lc_numeric_c.o(locale$$data)
    .data                                    0x20000000   Section       48  main.o(.data)
    .data                                    0x20000030   Section       12  stm32f1xx_hal.o(.data)
    .data                                    0x2000003c   Section        4  system_stm32f1xx.o(.data)
    .data                                    0x20000040   Section       23  oled.o(.data)
    .bss                                     0x20000058   Section     4050  main.o(.bss)
    .bss                                     0x2000102c   Section      116  adc.o(.bss)
    .bss                                     0x200010a0   Section       84  i2c.o(.bss)
    .bss                                     0x200010f4   Section       72  tim.o(.bss)
    .bss                                     0x2000113c   Section       72  usart.o(.bss)
    .bss                                     0x20001184   Section       96  libspace.o(.bss)
    HEAP                                     0x200011e8   Section      512  startup_stm32f103xb.o(HEAP)
    Heap_Mem                                 0x200011e8   Data         512  startup_stm32f103xb.o(HEAP)
    STACK                                    0x200013e8   Section     1024  startup_stm32f103xb.o(STACK)
    Stack_Mem                                0x200013e8   Data        1024  startup_stm32f103xb.o(STACK)
    __initial_sp                             0x200017e8   Data           0  startup_stm32f103xb.o(STACK)

    Global Symbols

    Symbol Name                              Value     Ov Type        Size  Object(Section)

    BuildAttributes$$THM_ISAv4$P$D$K$B$S$PE$A:L22UL41UL21$X:L11$S22US41US21$IEEE1$IW$USESV6$~STKCKD$USESV7$~SHL$OTIME$ROPI$IEEEJ$EBA8$UX$STANDARDLIB$REQ8$PRES8$EABIv2 0x00000000   Number         0  anon$$obj.o ABSOLUTE
    __ARM_use_no_argv                        0x00000000   Number         0  main.o ABSOLUTE
    _printf_flags                            0x00000000   Number         0  printf_stubs.o ABSOLUTE
    _printf_return_value                     0x00000000   Number         0  printf_stubs.o ABSOLUTE
    _printf_sizespec                         0x00000000   Number         0  printf_stubs.o ABSOLUTE
    _printf_widthprec                        0x00000000   Number         0  printf_stubs.o ABSOLUTE
    __ARM_exceptions_init                     - Undefined Weak Reference
    __alloca_initialize                       - Undefined Weak Reference
    __arm_preinit_                            - Undefined Weak Reference
    __cpp_initialize__aeabi_                  - Undefined Weak Reference
    __cxa_finalize                            - Undefined Weak Reference
    __sigvec_lookup                           - Undefined Weak Reference
    _atexit_init                              - Undefined Weak Reference
    _call_atexit_fns                          - Undefined Weak Reference
    _clock_init                               - Undefined Weak Reference
    _fp_trap_init                             - Undefined Weak Reference
    _fp_trap_shutdown                         - Undefined Weak Reference
    _get_lc_collate                           - Undefined Weak Reference
    _get_lc_ctype                             - Undefined Weak Reference
    _get_lc_monetary                          - Undefined Weak Reference
    _get_lc_time                              - Undefined Weak Reference
    _getenv_init                              - Undefined Weak Reference
    _handle_redirection                       - Undefined Weak Reference
    _init_alloc                               - Undefined Weak Reference
    _init_user_alloc                          - Undefined Weak Reference
    _initio                                   - Undefined Weak Reference
    _printf_mbtowc                            - Undefined Weak Reference
    _printf_post_padding                      - Undefined Weak Reference
    _printf_pre_padding                       - Undefined Weak Reference
    _printf_truncate_signed                   - Undefined Weak Reference
    _printf_truncate_unsigned                 - Undefined Weak Reference
    _rand_init                                - Undefined Weak Reference
    _signal_finish                            - Undefined Weak Reference
    _signal_init                              - Undefined Weak Reference
    _terminate_alloc                          - Undefined Weak Reference
    _terminate_user_alloc                     - Undefined Weak Reference
    _terminateio                              - Undefined Weak Reference
    __Vectors_Size                           0x000000ec   Number         0  startup_stm32f103xb.o ABSOLUTE
    __Vectors                                0x08000000   Data           4  startup_stm32f103xb.o(RESET)
    __Vectors_End                            0x080000ec   Data           0  startup_stm32f103xb.o(RESET)
    __main                                   0x080000ed   Thumb Code     8  __main.o(!!!main)
    __scatterload                            0x080000f5   Thumb Code     0  __scatter.o(!!!scatter)
    __scatterload_rt2                        0x080000f5   Thumb Code    44  __scatter.o(!!!scatter)
    __scatterload_rt2_thumb_only             0x080000f5   Thumb Code     0  __scatter.o(!!!scatter)
    __scatterload_null                       0x08000103   Thumb Code     0  __scatter.o(!!!scatter)
    __scatterload_copy                       0x08000129   Thumb Code    26  __scatter_copy.o(!!handler_copy)
    __scatterload_zeroinit                   0x08000145   Thumb Code    28  __scatter_zi.o(!!handler_zi)
    _printf_f                                0x08000161   Thumb Code     0  _printf_f.o(.ARM.Collect$$_printf_percent$$00000003)
    _printf_percent                          0x08000161   Thumb Code     0  _printf_percent.o(.ARM.Collect$$_printf_percent$$00000000)
    _printf_d                                0x08000167   Thumb Code     0  _printf_d.o(.ARM.Collect$$_printf_percent$$00000009)
    _printf_u                                0x0800016d   Thumb Code     0  _printf_u.o(.ARM.Collect$$_printf_percent$$0000000A)
    _printf_s                                0x08000173   Thumb Code     0  _printf_s.o(.ARM.Collect$$_printf_percent$$00000014)
    _printf_percent_end                      0x08000179   Thumb Code     0  _printf_percent_end.o(.ARM.Collect$$_printf_percent$$00000017)
    __rt_lib_init                            0x0800017d   Thumb Code     0  libinit.o(.ARM.Collect$$libinit$$00000000)
    __rt_lib_init_fp_1                       0x0800017f   Thumb Code     0  libinit2.o(.ARM.Collect$$libinit$$00000002)
    __rt_lib_init_heap_1                     0x0800017f   Thumb Code     0  libinit2.o(.ARM.Collect$$libinit$$0000000A)
    __rt_lib_init_lc_common                  0x0800017f   Thumb Code     0  libinit2.o(.ARM.Collect$$libinit$$0000000F)
    __rt_lib_init_preinit_1                  0x0800017f   Thumb Code     0  libinit2.o(.ARM.Collect$$libinit$$00000004)
    __rt_lib_init_rand_1                     0x0800017f   Thumb Code     0  libinit2.o(.ARM.Collect$$libinit$$0000000E)
    __rt_lib_init_user_alloc_1               0x0800017f   Thumb Code     0  libinit2.o(.ARM.Collect$$libinit$$0000000C)
    __rt_lib_init_lc_collate_1               0x08000185   Thumb Code     0  libinit2.o(.ARM.Collect$$libinit$$00000011)
    __rt_lib_init_lc_ctype_1                 0x08000185   Thumb Code     0  libinit2.o(.ARM.Collect$$libinit$$00000013)
    __rt_lib_init_lc_monetary_1              0x08000185   Thumb Code     0  libinit2.o(.ARM.Collect$$libinit$$00000015)
    __rt_lib_init_lc_numeric_2               0x08000185   Thumb Code     0  libinit2.o(.ARM.Collect$$libinit$$00000016)
    __rt_lib_init_alloca_1                   0x0800018f   Thumb Code     0  libinit2.o(.ARM.Collect$$libinit$$0000002E)
    __rt_lib_init_argv_1                     0x0800018f   Thumb Code     0  libinit2.o(.ARM.Collect$$libinit$$0000002C)
    __rt_lib_init_atexit_1                   0x0800018f   Thumb Code     0  libinit2.o(.ARM.Collect$$libinit$$0000001B)
    __rt_lib_init_clock_1                    0x0800018f   Thumb Code     0  libinit2.o(.ARM.Collect$$libinit$$00000021)
    __rt_lib_init_cpp_1                      0x0800018f   Thumb Code     0  libinit2.o(.ARM.Collect$$libinit$$00000032)
    __rt_lib_init_exceptions_1               0x0800018f   Thumb Code     0  libinit2.o(.ARM.Collect$$libinit$$00000030)
    __rt_lib_init_fp_trap_1                  0x0800018f   Thumb Code     0  libinit2.o(.ARM.Collect$$libinit$$0000001F)
    __rt_lib_init_getenv_1                   0x0800018f   Thumb Code     0  libinit2.o(.ARM.Collect$$libinit$$00000023)
    __rt_lib_init_lc_numeric_1               0x0800018f   Thumb Code     0  libinit2.o(.ARM.Collect$$libinit$$00000017)
    __rt_lib_init_lc_time_1                  0x0800018f   Thumb Code     0  libinit2.o(.ARM.Collect$$libinit$$00000019)
    __rt_lib_init_return                     0x0800018f   Thumb Code     0  libinit2.o(.ARM.Collect$$libinit$$00000033)
    __rt_lib_init_signal_1                   0x0800018f   Thumb Code     0  libinit2.o(.ARM.Collect$$libinit$$0000001D)
    __rt_lib_init_stdio_1                    0x0800018f   Thumb Code     0  libinit2.o(.ARM.Collect$$libinit$$00000025)
    __rt_lib_shutdown                        0x08000191   Thumb Code     0  libshutdown.o(.ARM.Collect$$libshutdown$$00000000)
    __rt_lib_shutdown_cpp_1                  0x08000193   Thumb Code     0  libshutdown2.o(.ARM.Collect$$libshutdown$$00000002)
    __rt_lib_shutdown_fp_trap_1              0x08000193   Thumb Code     0  libshutdown2.o(.ARM.Collect$$libshutdown$$00000007)
    __rt_lib_shutdown_heap_1                 0x08000193   Thumb Code     0  libshutdown2.o(.ARM.Collect$$libshutdown$$0000000F)
    __rt_lib_shutdown_return                 0x08000193   Thumb Code     0  libshutdown2.o(.ARM.Collect$$libshutdown$$00000010)
    __rt_lib_shutdown_signal_1               0x08000193   Thumb Code     0  libshutdown2.o(.ARM.Collect$$libshutdown$$0000000A)
    __rt_lib_shutdown_stdio_1                0x08000193   Thumb Code     0  libshutdown2.o(.ARM.Collect$$libshutdown$$00000004)
    __rt_lib_shutdown_user_alloc_1           0x08000193   Thumb Code     0  libshutdown2.o(.ARM.Collect$$libshutdown$$0000000C)
    __rt_entry                               0x08000195   Thumb Code     0  __rtentry.o(.ARM.Collect$$rtentry$$00000000)
    __rt_entry_presh_1                       0x08000195   Thumb Code     0  __rtentry2.o(.ARM.Collect$$rtentry$$00000002)
    __rt_entry_sh                            0x08000195   Thumb Code     0  __rtentry4.o(.ARM.Collect$$rtentry$$00000004)
    __rt_entry_li                            0x0800019b   Thumb Code     0  __rtentry2.o(.ARM.Collect$$rtentry$$0000000A)
    __rt_entry_postsh_1                      0x0800019b   Thumb Code     0  __rtentry2.o(.ARM.Collect$$rtentry$$00000009)
    __rt_entry_main                          0x0800019f   Thumb Code     0  __rtentry2.o(.ARM.Collect$$rtentry$$0000000D)
    __rt_entry_postli_1                      0x0800019f   Thumb Code     0  __rtentry2.o(.ARM.Collect$$rtentry$$0000000C)
    __rt_exit                                0x080001a7   Thumb Code     0  rtexit.o(.ARM.Collect$$rtexit$$00000000)
    __rt_exit_ls                             0x080001a9   Thumb Code     0  rtexit2.o(.ARM.Collect$$rtexit$$00000003)
    __rt_exit_prels_1                        0x080001a9   Thumb Code     0  rtexit2.o(.ARM.Collect$$rtexit$$00000002)
    __rt_exit_exit                           0x080001ad   Thumb Code     0  rtexit2.o(.ARM.Collect$$rtexit$$00000004)
    Reset_Handler                            0x080001b5   Thumb Code     8  startup_stm32f103xb.o(.text)
    ADC1_2_IRQHandler                        0x080001cf   Thumb Code     0  startup_stm32f103xb.o(.text)
    CAN1_RX1_IRQHandler                      0x080001cf   Thumb Code     0  startup_stm32f103xb.o(.text)
    CAN1_SCE_IRQHandler                      0x080001cf   Thumb Code     0  startup_stm32f103xb.o(.text)
    DMA1_Channel2_IRQHandler                 0x080001cf   Thumb Code     0  startup_stm32f103xb.o(.text)
    DMA1_Channel3_IRQHandler                 0x080001cf   Thumb Code     0  startup_stm32f103xb.o(.text)
    DMA1_Channel4_IRQHandler                 0x080001cf   Thumb Code     0  startup_stm32f103xb.o(.text)
    DMA1_Channel5_IRQHandler                 0x080001cf   Thumb Code     0  startup_stm32f103xb.o(.text)
    DMA1_Channel6_IRQHandler                 0x080001cf   Thumb Code     0  startup_stm32f103xb.o(.text)
    DMA1_Channel7_IRQHandler                 0x080001cf   Thumb Code     0  startup_stm32f103xb.o(.text)
    EXTI0_IRQHandler                         0x080001cf   Thumb Code     0  startup_stm32f103xb.o(.text)
    EXTI15_10_IRQHandler                     0x080001cf   Thumb Code     0  startup_stm32f103xb.o(.text)
    EXTI1_IRQHandler                         0x080001cf   Thumb Code     0  startup_stm32f103xb.o(.text)
    EXTI2_IRQHandler                         0x080001cf   Thumb Code     0  startup_stm32f103xb.o(.text)
    EXTI3_IRQHandler                         0x080001cf   Thumb Code     0  startup_stm32f103xb.o(.text)
    EXTI4_IRQHandler                         0x080001cf   Thumb Code     0  startup_stm32f103xb.o(.text)
    EXTI9_5_IRQHandler                       0x080001cf   Thumb Code     0  startup_stm32f103xb.o(.text)
    FLASH_IRQHandler                         0x080001cf   Thumb Code     0  startup_stm32f103xb.o(.text)
    I2C1_ER_IRQHandler                       0x080001cf   Thumb Code     0  startup_stm32f103xb.o(.text)
    I2C1_EV_IRQHandler                       0x080001cf   Thumb Code     0  startup_stm32f103xb.o(.text)
    I2C2_ER_IRQHandler                       0x080001cf   Thumb Code     0  startup_stm32f103xb.o(.text)
    I2C2_EV_IRQHandler                       0x080001cf   Thumb Code     0  startup_stm32f103xb.o(.text)
    PVD_IRQHandler                           0x080001cf   Thumb Code     0  startup_stm32f103xb.o(.text)
    RCC_IRQHandler                           0x080001cf   Thumb Code     0  startup_stm32f103xb.o(.text)
    RTC_Alarm_IRQHandler                     0x080001cf   Thumb Code     0  startup_stm32f103xb.o(.text)
    RTC_IRQHandler                           0x080001cf   Thumb Code     0  startup_stm32f103xb.o(.text)
    SPI1_IRQHandler                          0x080001cf   Thumb Code     0  startup_stm32f103xb.o(.text)
    SPI2_IRQHandler                          0x080001cf   Thumb Code     0  startup_stm32f103xb.o(.text)
    TAMPER_IRQHandler                        0x080001cf   Thumb Code     0  startup_stm32f103xb.o(.text)
    TIM1_BRK_IRQHandler                      0x080001cf   Thumb Code     0  startup_stm32f103xb.o(.text)
    TIM1_CC_IRQHandler                       0x080001cf   Thumb Code     0  startup_stm32f103xb.o(.text)
    TIM1_TRG_COM_IRQHandler                  0x080001cf   Thumb Code     0  startup_stm32f103xb.o(.text)
    TIM1_UP_IRQHandler                       0x080001cf   Thumb Code     0  startup_stm32f103xb.o(.text)
    TIM2_IRQHandler                          0x080001cf   Thumb Code     0  startup_stm32f103xb.o(.text)
    TIM3_IRQHandler                          0x080001cf   Thumb Code     0  startup_stm32f103xb.o(.text)
    TIM4_IRQHandler                          0x080001cf   Thumb Code     0  startup_stm32f103xb.o(.text)
    USART2_IRQHandler                        0x080001cf   Thumb Code     0  startup_stm32f103xb.o(.text)
    USART3_IRQHandler                        0x080001cf   Thumb Code     0  startup_stm32f103xb.o(.text)
    USBWakeUp_IRQHandler                     0x080001cf   Thumb Code     0  startup_stm32f103xb.o(.text)
    USB_HP_CAN1_TX_IRQHandler                0x080001cf   Thumb Code     0  startup_stm32f103xb.o(.text)
    USB_LP_CAN1_RX0_IRQHandler               0x080001cf   Thumb Code     0  startup_stm32f103xb.o(.text)
    WWDG_IRQHandler                          0x080001cf   Thumb Code     0  startup_stm32f103xb.o(.text)
    __user_initial_stackheap                 0x080001d1   Thumb Code     0  startup_stm32f103xb.o(.text)
    __2sprintf                               0x080001f5   Thumb Code    38  __2sprintf.o(.text)
    _printf_str                              0x08000221   Thumb Code    82  _printf_str.o(.text)
    _printf_int_dec                          0x08000275   Thumb Code   104  _printf_dec.o(.text)
    __printf                                 0x080002ed   Thumb Code   352  __printf_ss_wp.o(.text)
    strcpy                                   0x0800044d   Thumb Code    72  strcpy.o(.text)
    strlen                                   0x08000495   Thumb Code    62  strlen.o(.text)
    __aeabi_memclr4                          0x080004d3   Thumb Code     0  rt_memclr_w.o(.text)
    __aeabi_memclr8                          0x080004d3   Thumb Code     0  rt_memclr_w.o(.text)
    __rt_memclr_w                            0x080004d3   Thumb Code    78  rt_memclr_w.o(.text)
    _memset_w                                0x080004d7   Thumb Code     0  rt_memclr_w.o(.text)
    __use_two_region_memory                  0x08000521   Thumb Code     2  heapauxi.o(.text)
    __rt_heap_escrow$2region                 0x08000523   Thumb Code     2  heapauxi.o(.text)
    __rt_heap_expand$2region                 0x08000525   Thumb Code     2  heapauxi.o(.text)
    _printf_int_common                       0x08000527   Thumb Code   178  _printf_intcommon.o(.text)
    __lib_sel_fp_printf                      0x080005d9   Thumb Code     2  _printf_fp_dec.o(.text)
    _printf_fp_dec_real                      0x0800078b   Thumb Code   620  _printf_fp_dec.o(.text)
    _printf_char_common                      0x08000a03   Thumb Code    32  _printf_char_common.o(.text)
    _sputc                                   0x08000a29   Thumb Code    10  _sputc.o(.text)
    _printf_cs_common                        0x08000a33   Thumb Code    20  _printf_char.o(.text)
    _printf_char                             0x08000a47   Thumb Code    16  _printf_char.o(.text)
    _printf_string                           0x08000a57   Thumb Code     8  _printf_char.o(.text)
    __rt_locale                              0x08000a61   Thumb Code     8  rt_locale_intlibspace.o(.text)
    _ll_udiv10                               0x08000a69   Thumb Code   138  lludiv10.o(.text)
    _printf_fp_infnan                        0x08000af5   Thumb Code   112  _printf_fp_infnan.o(.text)
    _btod_etento                             0x08000b75   Thumb Code   224  bigflt0.o(.text)
    __user_libspace                          0x08000c59   Thumb Code     8  libspace.o(.text)
    __user_perproc_libspace                  0x08000c59   Thumb Code     0  libspace.o(.text)
    __user_perthread_libspace                0x08000c59   Thumb Code     0  libspace.o(.text)
    __user_setup_stackheap                   0x08000c61   Thumb Code    74  sys_stackheap_outer.o(.text)
    exit                                     0x08000cab   Thumb Code    18  exit.o(.text)
    strcmp                                   0x08000cbd   Thumb Code   128  strcmpv7m.o(.text)
    _sys_exit                                0x08000d3d   Thumb Code     8  sys_exit.o(.text)
    __I$use$semihosting                      0x08000d49   Thumb Code     0  use_no_semi.o(.text)
    __use_no_semihosting_swi                 0x08000d49   Thumb Code     2  use_no_semi.o(.text)
    __semihosting_library_function           0x08000d4b   Thumb Code     0  indicate_semi.o(.text)
    _btod_d2e                                0x08000d4b   Thumb Code    62  btod.o(CL$$btod_d2e)
    _d2e_denorm_low                          0x08000d89   Thumb Code    70  btod.o(CL$$btod_d2e_denorm_low)
    _d2e_norm_op1                            0x08000dcf   Thumb Code    96  btod.o(CL$$btod_d2e_norm_op1)
    __btod_div_common                        0x08000e2f   Thumb Code   696  btod.o(CL$$btod_div_common)
    _e2e                                     0x08001167   Thumb Code   220  btod.o(CL$$btod_e2e)
    _btod_ediv                               0x08001243   Thumb Code    42  btod.o(CL$$btod_ediv)
    _btod_emul                               0x0800126d   Thumb Code    42  btod.o(CL$$btod_emul)
    __btod_mult_common                       0x08001297   Thumb Code   580  btod.o(CL$$btod_mult_common)
    ADC_ConversionStop_Disable               0x080014dd   Thumb Code    86  stm32f1xx_hal_adc.o(i.ADC_ConversionStop_Disable)
    ADC_DMAConvCplt                          0x08001533   Thumb Code    78  stm32f1xx_hal_adc.o(i.ADC_DMAConvCplt)
    ADC_DMAError                             0x08001581   Thumb Code    26  stm32f1xx_hal_adc.o(i.ADC_DMAError)
    ADC_DMAHalfConvCplt                      0x0800159b   Thumb Code    10  stm32f1xx_hal_adc.o(i.ADC_DMAHalfConvCplt)
    ADC_Enable                               0x080015a5   Thumb Code   114  stm32f1xx_hal_adc.o(i.ADC_Enable)
    BusFault_Handler                         0x08001621   Thumb Code     2  stm32f1xx_it.o(i.BusFault_Handler)
    DMA1_Channel1_IRQHandler                 0x08001625   Thumb Code     6  stm32f1xx_it.o(i.DMA1_Channel1_IRQHandler)
    DebugMon_Handler                         0x0800165b   Thumb Code     2  stm32f1xx_it.o(i.DebugMon_Handler)
    Error_Handler                            0x0800165d   Thumb Code     4  main.o(i.Error_Handler)
    HAL_ADCEx_Calibration_Start              0x08001661   Thumb Code   210  stm32f1xx_hal_adc_ex.o(i.HAL_ADCEx_Calibration_Start)
    HAL_ADC_ConfigChannel                    0x08001739   Thumb Code   240  stm32f1xx_hal_adc.o(i.HAL_ADC_ConfigChannel)
    HAL_ADC_ConvCpltCallback                 0x08001835   Thumb Code    62  main.o(i.HAL_ADC_ConvCpltCallback)
    HAL_ADC_ConvHalfCpltCallback             0x08001881   Thumb Code     2  stm32f1xx_hal_adc.o(i.HAL_ADC_ConvHalfCpltCallback)
    HAL_ADC_ErrorCallback                    0x08001883   Thumb Code     2  stm32f1xx_hal_adc.o(i.HAL_ADC_ErrorCallback)
    HAL_ADC_Init                             0x08001885   Thumb Code   272  stm32f1xx_hal_adc.o(i.HAL_ADC_Init)
    HAL_ADC_MspInit                          0x080019a1   Thumb Code   120  adc.o(i.HAL_ADC_MspInit)
    HAL_ADC_PollForConversion                0x08001a2d   Thumb Code   304  stm32f1xx_hal_adc.o(i.HAL_ADC_PollForConversion)
    HAL_ADC_Start_DMA                        0x08001b69   Thumb Code   246  stm32f1xx_hal_adc.o(i.HAL_ADC_Start_DMA)
    HAL_DMA_Abort                            0x08001c75   Thumb Code    70  stm32f1xx_hal_dma.o(i.HAL_DMA_Abort)
    HAL_DMA_Abort_IT                         0x08001cbd   Thumb Code   148  stm32f1xx_hal_dma.o(i.HAL_DMA_Abort_IT)
    HAL_DMA_IRQHandler                       0x08001d55   Thumb Code   316  stm32f1xx_hal_dma.o(i.HAL_DMA_IRQHandler)
    HAL_DMA_Init                             0x08001ea9   Thumb Code    84  stm32f1xx_hal_dma.o(i.HAL_DMA_Init)
    HAL_DMA_Start_IT                         0x08001f05   Thumb Code   112  stm32f1xx_hal_dma.o(i.HAL_DMA_Start_IT)
    HAL_Delay                                0x08001f75   Thumb Code    32  stm32f1xx_hal.o(i.HAL_Delay)
    HAL_GPIO_Init                            0x08001f99   Thumb Code   446  stm32f1xx_hal_gpio.o(i.HAL_GPIO_Init)
    HAL_GPIO_ReadPin                         0x08002179   Thumb Code    10  stm32f1xx_hal_gpio.o(i.HAL_GPIO_ReadPin)
    HAL_GetTick                              0x08002185   Thumb Code     6  stm32f1xx_hal.o(i.HAL_GetTick)
    HAL_I2C_Init                             0x08002191   Thumb Code   376  stm32f1xx_hal_i2c.o(i.HAL_I2C_Init)
    HAL_I2C_Mem_Write                        0x08002319   Thumb Code   294  stm32f1xx_hal_i2c.o(i.HAL_I2C_Mem_Write)
    HAL_I2C_MspInit                          0x08002449   Thumb Code    80  i2c.o(i.HAL_I2C_MspInit)
    HAL_IncTick                              0x080024a5   Thumb Code    12  stm32f1xx_hal.o(i.HAL_IncTick)
    HAL_Init                                 0x080024b5   Thumb Code    32  stm32f1xx_hal.o(i.HAL_Init)
    HAL_InitTick                             0x080024d9   Thumb Code    54  stm32f1xx_hal.o(i.HAL_InitTick)
    HAL_MspInit                              0x08002519   Thumb Code    52  stm32f1xx_hal_msp.o(i.HAL_MspInit)
    HAL_NVIC_EnableIRQ                       0x08002555   Thumb Code    26  stm32f1xx_hal_cortex.o(i.HAL_NVIC_EnableIRQ)
    HAL_NVIC_SetPriority                     0x08002571   Thumb Code    60  stm32f1xx_hal_cortex.o(i.HAL_NVIC_SetPriority)
    HAL_NVIC_SetPriorityGrouping             0x080025b1   Thumb Code    26  stm32f1xx_hal_cortex.o(i.HAL_NVIC_SetPriorityGrouping)
    HAL_RCCEx_GetPeriphCLKFreq               0x080025d5   Thumb Code   148  stm32f1xx_hal_rcc_ex.o(i.HAL_RCCEx_GetPeriphCLKFreq)
    HAL_RCCEx_PeriphCLKConfig                0x08002679   Thumb Code   224  stm32f1xx_hal_rcc_ex.o(i.HAL_RCCEx_PeriphCLKConfig)
    HAL_RCC_ClockConfig                      0x08002765   Thumb Code   280  stm32f1xx_hal_rcc.o(i.HAL_RCC_ClockConfig)
    HAL_RCC_GetPCLK1Freq                     0x08002891   Thumb Code    20  stm32f1xx_hal_rcc.o(i.HAL_RCC_GetPCLK1Freq)
    HAL_RCC_GetPCLK2Freq                     0x080028b1   Thumb Code    20  stm32f1xx_hal_rcc.o(i.HAL_RCC_GetPCLK2Freq)
    HAL_RCC_GetSysClockFreq                  0x080028d1   Thumb Code    58  stm32f1xx_hal_rcc.o(i.HAL_RCC_GetSysClockFreq)
    HAL_RCC_OscConfig                        0x0800291d   Thumb Code   778  stm32f1xx_hal_rcc.o(i.HAL_RCC_OscConfig)
    HAL_SYSTICK_Config                       0x08002c3d   Thumb Code    40  stm32f1xx_hal_cortex.o(i.HAL_SYSTICK_Config)
    HAL_TIMEx_ConfigBreakDeadTime            0x08002c65   Thumb Code    84  stm32f1xx_hal_tim_ex.o(i.HAL_TIMEx_ConfigBreakDeadTime)
    HAL_TIMEx_MasterConfigSynchronization    0x08002cb9   Thumb Code    92  stm32f1xx_hal_tim_ex.o(i.HAL_TIMEx_MasterConfigSynchronization)
    HAL_TIM_Base_Init                        0x08002d21   Thumb Code    90  stm32f1xx_hal_tim.o(i.HAL_TIM_Base_Init)
    HAL_TIM_Base_MspInit                     0x08002d7d   Thumb Code    30  tim.o(i.HAL_TIM_Base_MspInit)
    HAL_TIM_ConfigClockSource                0x08002da5   Thumb Code   220  stm32f1xx_hal_tim.o(i.HAL_TIM_ConfigClockSource)
    HAL_TIM_MspPostInit                      0x08002e81   Thumb Code    64  tim.o(i.HAL_TIM_MspPostInit)
    HAL_TIM_PWM_ConfigChannel                0x08002ecd   Thumb Code   204  stm32f1xx_hal_tim.o(i.HAL_TIM_PWM_ConfigChannel)
    HAL_TIM_PWM_Init                         0x08002f99   Thumb Code    90  stm32f1xx_hal_tim.o(i.HAL_TIM_PWM_Init)
    HAL_TIM_PWM_MspInit                      0x08002ff3   Thumb Code     2  stm32f1xx_hal_tim.o(i.HAL_TIM_PWM_MspInit)
    HAL_TIM_PWM_Start                        0x08002ff5   Thumb Code   144  stm32f1xx_hal_tim.o(i.HAL_TIM_PWM_Start)
    HAL_UARTEx_RxEventCallback               0x08003091   Thumb Code     2  stm32f1xx_hal_uart.o(i.HAL_UARTEx_RxEventCallback)
    HAL_UART_ErrorCallback                   0x08003093   Thumb Code     2  stm32f1xx_hal_uart.o(i.HAL_UART_ErrorCallback)
    HAL_UART_IRQHandler                      0x08003095   Thumb Code   616  stm32f1xx_hal_uart.o(i.HAL_UART_IRQHandler)
    HAL_UART_Init                            0x08003301   Thumb Code   100  stm32f1xx_hal_uart.o(i.HAL_UART_Init)
    HAL_UART_MspInit                         0x08003365   Thumb Code   116  usart.o(i.HAL_UART_MspInit)
    HAL_UART_RxCpltCallback                  0x080033e5   Thumb Code     2  stm32f1xx_hal_uart.o(i.HAL_UART_RxCpltCallback)
    HAL_UART_Transmit                        0x080033e7   Thumb Code   154  stm32f1xx_hal_uart.o(i.HAL_UART_Transmit)
    HAL_UART_TxCpltCallback                  0x08003481   Thumb Code     2  stm32f1xx_hal_uart.o(i.HAL_UART_TxCpltCallback)
    HardFault_Handler                        0x08003483   Thumb Code     2  stm32f1xx_it.o(i.HardFault_Handler)
    MX_ADC1_Init                             0x08003759   Thumb Code    96  adc.o(i.MX_ADC1_Init)
    MX_DMA_Init                              0x080037c1   Thumb Code    40  dma.o(i.MX_DMA_Init)
    MX_GPIO_Init                             0x080037ed   Thumb Code   112  gpio.o(i.MX_GPIO_Init)
    MX_I2C1_Init                             0x08003869   Thumb Code    50  i2c.o(i.MX_I2C1_Init)
    MX_TIM1_Init                             0x080038a9   Thumb Code   194  tim.o(i.MX_TIM1_Init)
    MX_USART1_UART_Init                      0x08003975   Thumb Code    48  usart.o(i.MX_USART1_UART_Init)
    MemManage_Handler                        0x080039ad   Thumb Code     2  stm32f1xx_it.o(i.MemManage_Handler)
    NMI_Handler                              0x080039af   Thumb Code     2  stm32f1xx_it.o(i.NMI_Handler)
    OLED_Clear                               0x080039b1   Thumb Code    52  oled.o(i.OLED_Clear)
    OLED_Init                                0x080039e5   Thumb Code    28  oled.o(i.OLED_Init)
    OLED_Set_Pos                             0x08003a05   Thumb Code    34  oled.o(i.OLED_Set_Pos)
    OLED_ShowChar                            0x08003a29   Thumb Code   148  oled.o(i.OLED_ShowChar)
    OLED_ShowString                          0x08003ac5   Thumb Code    88  oled.o(i.OLED_ShowString)
    OLED_WR_CMD                              0x08003b1d   Thumb Code    32  oled.o(i.OLED_WR_CMD)
    OLED_WR_DATA                             0x08003b41   Thumb Code    32  oled.o(i.OLED_WR_DATA)
    PendSV_Handler                           0x08003b65   Thumb Code     2  stm32f1xx_it.o(i.PendSV_Handler)
    SVC_Handler                              0x08003b67   Thumb Code     2  stm32f1xx_it.o(i.SVC_Handler)
    SysTick_Handler                          0x08003b69   Thumb Code     4  stm32f1xx_it.o(i.SysTick_Handler)
    SystemClock_Config                       0x08003b6d   Thumb Code   120  main.o(i.SystemClock_Config)
    SystemInit                               0x08003be5   Thumb Code     2  system_stm32f1xx.o(i.SystemInit)
    TIM_Base_SetConfig                       0x08003be9   Thumb Code    94  stm32f1xx_hal_tim.o(i.TIM_Base_SetConfig)
    TIM_CCxChannelCmd                        0x08003c55   Thumb Code    26  stm32f1xx_hal_tim.o(i.TIM_CCxChannelCmd)
    TIM_ETR_SetConfig                        0x08003c6f   Thumb Code    20  stm32f1xx_hal_tim.o(i.TIM_ETR_SetConfig)
    TIM_OC2_SetConfig                        0x08003ce5   Thumb Code    84  stm32f1xx_hal_tim.o(i.TIM_OC2_SetConfig)
    USART1_IRQHandler                        0x08004071   Thumb Code     6  stm32f1xx_it.o(i.USART1_IRQHandler)
    UsageFault_Handler                       0x0800407d   Thumb Code     2  stm32f1xx_it.o(i.UsageFault_Handler)
    __ARM_fpclassify                         0x0800407f   Thumb Code    40  fpclassify.o(i.__ARM_fpclassify)
    _is_digit                                0x080040c7   Thumb Code    14  __printf_wp.o(i._is_digit)
    calculate_and_display_high_level_avg     0x080040d5   Thumb Code   108  main.o(i.calculate_and_display_high_level_avg)
    main                                     0x08004195   Thumb Code   934  main.o(i.main)
    read_8_io                                0x08004629   Thumb Code    50  main.o(i.read_8_io)
    send_length_x_as_binary_and_decimal      0x08004665   Thumb Code    96  main.o(i.send_length_x_as_binary_and_decimal)
    _get_lc_numeric                          0x080046e1   Thumb Code    44  lc_numeric_c.o(locale$$code)
    __aeabi_d2f                              0x0800470d   Thumb Code     0  d2f.o(x$fpl$d2f)
    _d2f                                     0x0800470d   Thumb Code    98  d2f.o(x$fpl$d2f)
    __aeabi_dadd                             0x08004771   Thumb Code     0  daddsub_clz.o(x$fpl$dadd)
    _dadd                                    0x08004771   Thumb Code   332  daddsub_clz.o(x$fpl$dadd)
    __fpl_dcmp_Inf                           0x080048c1   Thumb Code    24  dcmpi.o(x$fpl$dcmpinf)
    __aeabi_ddiv                             0x080048d9   Thumb Code     0  ddiv.o(x$fpl$ddiv)
    _ddiv                                    0x080048d9   Thumb Code   552  ddiv.o(x$fpl$ddiv)
    __aeabi_ui2d                             0x08004b89   Thumb Code     0  dflt_clz.o(x$fpl$dfltu)
    _dfltu                                   0x08004b89   Thumb Code    38  dflt_clz.o(x$fpl$dfltu)
    __aeabi_cdcmple                          0x08004bb1   Thumb Code     0  dleqf.o(x$fpl$dleqf)
    _dcmple                                  0x08004bb1   Thumb Code   120  dleqf.o(x$fpl$dleqf)
    __fpl_dcmple_InfNaN                      0x08004c13   Thumb Code     0  dleqf.o(x$fpl$dleqf)
    __aeabi_dmul                             0x08004c29   Thumb Code     0  dmul.o(x$fpl$dmul)
    _dmul                                    0x08004c29   Thumb Code   332  dmul.o(x$fpl$dmul)
    __fpl_dnaninf                            0x08004d7d   Thumb Code   156  dnaninf.o(x$fpl$dnaninf)
    __fpl_dretinf                            0x08004e19   Thumb Code    12  dretinf.o(x$fpl$dretinf)
    __aeabi_dsub                             0x08004e25   Thumb Code     0  daddsub_clz.o(x$fpl$dsub)
    _dsub                                    0x08004e25   Thumb Code   464  daddsub_clz.o(x$fpl$dsub)
    __aeabi_f2d                              0x08004ff9   Thumb Code     0  f2d.o(x$fpl$f2d)
    _f2d                                     0x08004ff9   Thumb Code    86  f2d.o(x$fpl$f2d)
    __aeabi_fadd                             0x08005051   Thumb Code     0  faddsub_clz.o(x$fpl$fadd)
    _fadd                                    0x08005051   Thumb Code   196  faddsub_clz.o(x$fpl$fadd)
    __aeabi_fdiv                             0x08005115   Thumb Code     0  fdiv.o(x$fpl$fdiv)
    _fdiv                                    0x08005115   Thumb Code   384  fdiv.o(x$fpl$fdiv)
    __aeabi_ui2f                             0x08005299   Thumb Code     0  fflt_clz.o(x$fpl$ffltu)
    _ffltu                                   0x08005299   Thumb Code    38  fflt_clz.o(x$fpl$ffltu)
    __fpl_fnaninf                            0x080052bf   Thumb Code   140  fnaninf.o(x$fpl$fnaninf)
    __fpl_fretinf                            0x0800534b   Thumb Code    10  fretinf.o(x$fpl$fretinf)
    __aeabi_fsub                             0x08005355   Thumb Code     0  faddsub_clz.o(x$fpl$fsub)
    _fsub                                    0x08005355   Thumb Code   234  faddsub_clz.o(x$fpl$fsub)
    _printf_fp_dec                           0x0800543f   Thumb Code     4  printf1.o(x$fpl$printf1)
    __I$use$fp                               0x08005442   Number         0  usenofp.o(x$fpl$usenofp)
    pins                                     0x08005442   Data          16  main.o(.constdata)
    AHBPrescTable                            0x08005476   Data          16  system_stm32f1xx.o(.constdata)
    APBPrescTable                            0x08005486   Data           8  system_stm32f1xx.o(.constdata)
    F6x8                                     0x0800548e   Data         552  oledfont.o(.constdata)
    F8X16                                    0x080056b6   Data        1504  oledfont.o(.constdata)
    Region$$Table$$Base                      0x08005d2c   Number         0  anon$$obj.o(Region$$Table)
    Region$$Table$$Limit                     0x08005d4c   Number         0  anon$$obj.o(Region$$Table)
    length_x                                 0x20000000   Data           1  main.o(.data)
    load_x                                   0x20000001   Data           1  main.o(.data)
    high_sample_count_1                      0x20000002   Data           2  main.o(.data)
    high_sample_count_2                      0x20000004   Data           2  main.o(.data)
    high_level_avg_1                         0x20000008   Data           4  main.o(.data)
    high_level_avg_2                         0x2000000c   Data           4  main.o(.data)
    load                                     0x20000010   Data           4  main.o(.data)
    adc_values                               0x20000014   Data           4  main.o(.data)
    length_y                                 0x20000018   Data           8  main.o(.data)
    avg_length_x                             0x20000020   Data           8  main.o(.data)
    avg_load_x                               0x20000028   Data           8  main.o(.data)
    uwTickFreq                               0x20000030   Data           1  stm32f1xx_hal.o(.data)
    uwTickPrio                               0x20000034   Data           4  stm32f1xx_hal.o(.data)
    uwTick                                   0x20000038   Data           4  stm32f1xx_hal.o(.data)
    SystemCoreClock                          0x2000003c   Data           4  system_stm32f1xx.o(.data)
    CMD_Data                                 0x20000040   Data          23  oled.o(.data)
    message                                  0x20000058   Data          50  main.o(.bss)
    adc_high_level_samples_1                 0x2000008a   Data        2000  main.o(.bss)
    adc_high_level_samples_2                 0x2000085a   Data        2000  main.o(.bss)
    hadc1                                    0x2000102c   Data          48  adc.o(.bss)
    hdma_adc1                                0x2000105c   Data          68  adc.o(.bss)
    hi2c1                                    0x200010a0   Data          84  i2c.o(.bss)
    htim1                                    0x200010f4   Data          72  tim.o(.bss)
    huart1                                   0x2000113c   Data          72  usart.o(.bss)
    __libspace_start                         0x20001184   Data          96  libspace.o(.bss)
    __temporary_stack_top$libspace           0x200011e4   Data           0  libspace.o(.bss)



==============================================================================

Memory Map of the image

  Image Entry point : 0x080000ed

  Load Region LR_IROM1 (Base: 0x08000000, Size: 0x00005dc0, Max: 0x00010000, ABSOLUTE)

    Execution Region ER_IROM1 (Exec base: 0x08000000, Load base: 0x08000000, Size: 0x00005d68, Max: 0x00010000, ABSOLUTE)

    Exec Addr    Load Addr    Size         Type   Attr      Idx    E Section Name        Object

    0x08000000   0x08000000   0x000000ec   Data   RO            3    RESET               startup_stm32f103xb.o
    0x080000ec   0x080000ec   0x00000008   Code   RO         3858  * !!!main             c_w.l(__main.o)
    0x080000f4   0x080000f4   0x00000034   Code   RO         4130    !!!scatter          c_w.l(__scatter.o)
    0x08000128   0x08000128   0x0000001a   Code   RO         4132    !!handler_copy      c_w.l(__scatter_copy.o)
    0x08000142   0x08000142   0x00000002   PAD
    0x08000144   0x08000144   0x0000001c   Code   RO         4134    !!handler_zi        c_w.l(__scatter_zi.o)
    0x08000160   0x08000160   0x00000000   Code   RO         3849    .ARM.Collect$$_printf_percent$$00000000  c_w.l(_printf_percent.o)
    0x08000160   0x08000160   0x00000006   Code   RO         3848    .ARM.Collect$$_printf_percent$$00000003  c_w.l(_printf_f.o)
    0x08000166   0x08000166   0x00000006   Code   RO         3846    .ARM.Collect$$_printf_percent$$00000009  c_w.l(_printf_d.o)
    0x0800016c   0x0800016c   0x00000006   Code   RO         3847    .ARM.Collect$$_printf_percent$$0000000A  c_w.l(_printf_u.o)
    0x08000172   0x08000172   0x00000006   Code   RO         3845    .ARM.Collect$$_printf_percent$$00000014  c_w.l(_printf_s.o)
    0x08000178   0x08000178   0x00000004   Code   RO         3919    .ARM.Collect$$_printf_percent$$00000017  c_w.l(_printf_percent_end.o)
    0x0800017c   0x0800017c   0x00000002   Code   RO         4003    .ARM.Collect$$libinit$$00000000  c_w.l(libinit.o)
    0x0800017e   0x0800017e   0x00000000   Code   RO         4005    .ARM.Collect$$libinit$$00000002  c_w.l(libinit2.o)
    0x0800017e   0x0800017e   0x00000000   Code   RO         4007    .ARM.Collect$$libinit$$00000004  c_w.l(libinit2.o)
    0x0800017e   0x0800017e   0x00000000   Code   RO         4010    .ARM.Collect$$libinit$$0000000A  c_w.l(libinit2.o)
    0x0800017e   0x0800017e   0x00000000   Code   RO         4012    .ARM.Collect$$libinit$$0000000C  c_w.l(libinit2.o)
    0x0800017e   0x0800017e   0x00000000   Code   RO         4014    .ARM.Collect$$libinit$$0000000E  c_w.l(libinit2.o)
    0x0800017e   0x0800017e   0x00000006   Code   RO         4015    .ARM.Collect$$libinit$$0000000F  c_w.l(libinit2.o)
    0x08000184   0x08000184   0x00000000   Code   RO         4017    .ARM.Collect$$libinit$$00000011  c_w.l(libinit2.o)
    0x08000184   0x08000184   0x00000000   Code   RO         4019    .ARM.Collect$$libinit$$00000013  c_w.l(libinit2.o)
    0x08000184   0x08000184   0x00000000   Code   RO         4021    .ARM.Collect$$libinit$$00000015  c_w.l(libinit2.o)
    0x08000184   0x08000184   0x0000000a   Code   RO         4022    .ARM.Collect$$libinit$$00000016  c_w.l(libinit2.o)
    0x0800018e   0x0800018e   0x00000000   Code   RO         4023    .ARM.Collect$$libinit$$00000017  c_w.l(libinit2.o)
    0x0800018e   0x0800018e   0x00000000   Code   RO         4025    .ARM.Collect$$libinit$$00000019  c_w.l(libinit2.o)
    0x0800018e   0x0800018e   0x00000000   Code   RO         4027    .ARM.Collect$$libinit$$0000001B  c_w.l(libinit2.o)
    0x0800018e   0x0800018e   0x00000000   Code   RO         4029    .ARM.Collect$$libinit$$0000001D  c_w.l(libinit2.o)
    0x0800018e   0x0800018e   0x00000000   Code   RO         4031    .ARM.Collect$$libinit$$0000001F  c_w.l(libinit2.o)
    0x0800018e   0x0800018e   0x00000000   Code   RO         4033    .ARM.Collect$$libinit$$00000021  c_w.l(libinit2.o)
    0x0800018e   0x0800018e   0x00000000   Code   RO         4035    .ARM.Collect$$libinit$$00000023  c_w.l(libinit2.o)
    0x0800018e   0x0800018e   0x00000000   Code   RO         4037    .ARM.Collect$$libinit$$00000025  c_w.l(libinit2.o)
    0x0800018e   0x0800018e   0x00000000   Code   RO         4041    .ARM.Collect$$libinit$$0000002C  c_w.l(libinit2.o)
    0x0800018e   0x0800018e   0x00000000   Code   RO         4043    .ARM.Collect$$libinit$$0000002E  c_w.l(libinit2.o)
    0x0800018e   0x0800018e   0x00000000   Code   RO         4045    .ARM.Collect$$libinit$$00000030  c_w.l(libinit2.o)
    0x0800018e   0x0800018e   0x00000000   Code   RO         4047    .ARM.Collect$$libinit$$00000032  c_w.l(libinit2.o)
    0x0800018e   0x0800018e   0x00000002   Code   RO         4048    .ARM.Collect$$libinit$$00000033  c_w.l(libinit2.o)
    0x08000190   0x08000190   0x00000002   Code   RO         4078    .ARM.Collect$$libshutdown$$00000000  c_w.l(libshutdown.o)
    0x08000192   0x08000192   0x00000000   Code   RO         4089    .ARM.Collect$$libshutdown$$00000002  c_w.l(libshutdown2.o)
    0x08000192   0x08000192   0x00000000   Code   RO         4091    .ARM.Collect$$libshutdown$$00000004  c_w.l(libshutdown2.o)
    0x08000192   0x08000192   0x00000000   Code   RO         4094    .ARM.Collect$$libshutdown$$00000007  c_w.l(libshutdown2.o)
    0x08000192   0x08000192   0x00000000   Code   RO         4097    .ARM.Collect$$libshutdown$$0000000A  c_w.l(libshutdown2.o)
    0x08000192   0x08000192   0x00000000   Code   RO         4099    .ARM.Collect$$libshutdown$$0000000C  c_w.l(libshutdown2.o)
    0x08000192   0x08000192   0x00000000   Code   RO         4102    .ARM.Collect$$libshutdown$$0000000F  c_w.l(libshutdown2.o)
    0x08000192   0x08000192   0x00000002   Code   RO         4103    .ARM.Collect$$libshutdown$$00000010  c_w.l(libshutdown2.o)
    0x08000194   0x08000194   0x00000000   Code   RO         3908    .ARM.Collect$$rtentry$$00000000  c_w.l(__rtentry.o)
    0x08000194   0x08000194   0x00000000   Code   RO         3932    .ARM.Collect$$rtentry$$00000002  c_w.l(__rtentry2.o)
    0x08000194   0x08000194   0x00000006   Code   RO         3944    .ARM.Collect$$rtentry$$00000004  c_w.l(__rtentry4.o)
    0x0800019a   0x0800019a   0x00000000   Code   RO         3934    .ARM.Collect$$rtentry$$00000009  c_w.l(__rtentry2.o)
    0x0800019a   0x0800019a   0x00000004   Code   RO         3935    .ARM.Collect$$rtentry$$0000000A  c_w.l(__rtentry2.o)
    0x0800019e   0x0800019e   0x00000000   Code   RO         3937    .ARM.Collect$$rtentry$$0000000C  c_w.l(__rtentry2.o)
    0x0800019e   0x0800019e   0x00000008   Code   RO         3938    .ARM.Collect$$rtentry$$0000000D  c_w.l(__rtentry2.o)
    0x080001a6   0x080001a6   0x00000002   Code   RO         4049    .ARM.Collect$$rtexit$$00000000  c_w.l(rtexit.o)
    0x080001a8   0x080001a8   0x00000000   Code   RO         4056    .ARM.Collect$$rtexit$$00000002  c_w.l(rtexit2.o)
    0x080001a8   0x080001a8   0x00000004   Code   RO         4057    .ARM.Collect$$rtexit$$00000003  c_w.l(rtexit2.o)
    0x080001ac   0x080001ac   0x00000006   Code   RO         4058    .ARM.Collect$$rtexit$$00000004  c_w.l(rtexit2.o)
    0x080001b2   0x080001b2   0x00000002   PAD
    0x080001b4   0x080001b4   0x00000040   Code   RO            4    .text               startup_stm32f103xb.o
    0x080001f4   0x080001f4   0x0000002c   Code   RO         3815    .text               c_w.l(__2sprintf.o)
    0x08000220   0x08000220   0x00000052   Code   RO         3821    .text               c_w.l(_printf_str.o)
    0x08000272   0x08000272   0x00000002   PAD
    0x08000274   0x08000274   0x00000078   Code   RO         3823    .text               c_w.l(_printf_dec.o)
    0x080002ec   0x080002ec   0x00000160   Code   RO         3840    .text               c_w.l(__printf_ss_wp.o)
    0x0800044c   0x0800044c   0x00000048   Code   RO         3850    .text               c_w.l(strcpy.o)
    0x08000494   0x08000494   0x0000003e   Code   RO         3852    .text               c_w.l(strlen.o)
    0x080004d2   0x080004d2   0x0000004e   Code   RO         3854    .text               c_w.l(rt_memclr_w.o)
    0x08000520   0x08000520   0x00000006   Code   RO         3856    .text               c_w.l(heapauxi.o)
    0x08000526   0x08000526   0x000000b2   Code   RO         3909    .text               c_w.l(_printf_intcommon.o)
    0x080005d8   0x080005d8   0x0000041e   Code   RO         3911    .text               c_w.l(_printf_fp_dec.o)
    0x080009f6   0x080009f6   0x00000002   PAD
    0x080009f8   0x080009f8   0x00000030   Code   RO         3913    .text               c_w.l(_printf_char_common.o)
    0x08000a28   0x08000a28   0x0000000a   Code   RO         3915    .text               c_w.l(_sputc.o)
    0x08000a32   0x08000a32   0x0000002c   Code   RO         3917    .text               c_w.l(_printf_char.o)
    0x08000a5e   0x08000a5e   0x00000002   PAD
    0x08000a60   0x08000a60   0x00000008   Code   RO         3949    .text               c_w.l(rt_locale_intlibspace.o)
    0x08000a68   0x08000a68   0x0000008a   Code   RO         3951    .text               c_w.l(lludiv10.o)
    0x08000af2   0x08000af2   0x00000002   PAD
    0x08000af4   0x08000af4   0x00000080   Code   RO         3953    .text               c_w.l(_printf_fp_infnan.o)
    0x08000b74   0x08000b74   0x000000e4   Code   RO         3957    .text               c_w.l(bigflt0.o)
    0x08000c58   0x08000c58   0x00000008   Code   RO         3989    .text               c_w.l(libspace.o)
    0x08000c60   0x08000c60   0x0000004a   Code   RO         3992    .text               c_w.l(sys_stackheap_outer.o)
    0x08000caa   0x08000caa   0x00000012   Code   RO         3994    .text               c_w.l(exit.o)
    0x08000cbc   0x08000cbc   0x00000080   Code   RO         3996    .text               c_w.l(strcmpv7m.o)
    0x08000d3c   0x08000d3c   0x0000000c   Code   RO         4068    .text               c_w.l(sys_exit.o)
    0x08000d48   0x08000d48   0x00000002   Code   RO         4079    .text               c_w.l(use_no_semi.o)
    0x08000d4a   0x08000d4a   0x00000000   Code   RO         4081    .text               c_w.l(indicate_semi.o)
    0x08000d4a   0x08000d4a   0x0000003e   Code   RO         3960    CL$$btod_d2e        c_w.l(btod.o)
    0x08000d88   0x08000d88   0x00000046   Code   RO         3962    CL$$btod_d2e_denorm_low  c_w.l(btod.o)
    0x08000dce   0x08000dce   0x00000060   Code   RO         3961    CL$$btod_d2e_norm_op1  c_w.l(btod.o)
    0x08000e2e   0x08000e2e   0x00000338   Code   RO         3970    CL$$btod_div_common  c_w.l(btod.o)
    0x08001166   0x08001166   0x000000dc   Code   RO         3967    CL$$btod_e2e        c_w.l(btod.o)
    0x08001242   0x08001242   0x0000002a   Code   RO         3964    CL$$btod_ediv       c_w.l(btod.o)
    0x0800126c   0x0800126c   0x0000002a   Code   RO         3963    CL$$btod_emul       c_w.l(btod.o)
    0x08001296   0x08001296   0x00000244   Code   RO         3969    CL$$btod_mult_common  c_w.l(btod.o)
    0x080014da   0x080014da   0x00000002   PAD
    0x080014dc   0x080014dc   0x00000056   Code   RO          589    i.ADC_ConversionStop_Disable  stm32f1xx_hal_adc.o
    0x08001532   0x08001532   0x0000004e   Code   RO          590    i.ADC_DMAConvCplt   stm32f1xx_hal_adc.o
    0x08001580   0x08001580   0x0000001a   Code   RO          591    i.ADC_DMAError      stm32f1xx_hal_adc.o
    0x0800159a   0x0800159a   0x0000000a   Code   RO          592    i.ADC_DMAHalfConvCplt  stm32f1xx_hal_adc.o
    0x080015a4   0x080015a4   0x0000007c   Code   RO          593    i.ADC_Enable        stm32f1xx_hal_adc.o
    0x08001620   0x08001620   0x00000002   Code   RO          441    i.BusFault_Handler  stm32f1xx_it.o
    0x08001622   0x08001622   0x00000002   PAD
    0x08001624   0x08001624   0x0000000c   Code   RO          442    i.DMA1_Channel1_IRQHandler  stm32f1xx_it.o
    0x08001630   0x08001630   0x0000002a   Code   RO         1245    i.DMA_SetConfig     stm32f1xx_hal_dma.o
    0x0800165a   0x0800165a   0x00000002   Code   RO          443    i.DebugMon_Handler  stm32f1xx_it.o
    0x0800165c   0x0800165c   0x00000004   Code   RO           13    i.Error_Handler     main.o
    0x08001660   0x08001660   0x000000d8   Code   RO          769    i.HAL_ADCEx_Calibration_Start  stm32f1xx_hal_adc_ex.o
    0x08001738   0x08001738   0x000000fc   Code   RO          595    i.HAL_ADC_ConfigChannel  stm32f1xx_hal_adc.o
    0x08001834   0x08001834   0x0000004c   Code   RO           14    i.HAL_ADC_ConvCpltCallback  main.o
    0x08001880   0x08001880   0x00000002   Code   RO          597    i.HAL_ADC_ConvHalfCpltCallback  stm32f1xx_hal_adc.o
    0x08001882   0x08001882   0x00000002   Code   RO          599    i.HAL_ADC_ErrorCallback  stm32f1xx_hal_adc.o
    0x08001884   0x08001884   0x0000011c   Code   RO          604    i.HAL_ADC_Init      stm32f1xx_hal_adc.o
    0x080019a0   0x080019a0   0x0000008c   Code   RO          244    i.HAL_ADC_MspInit   adc.o
    0x08001a2c   0x08001a2c   0x0000013c   Code   RO          608    i.HAL_ADC_PollForConversion  stm32f1xx_hal_adc.o
    0x08001b68   0x08001b68   0x0000010c   Code   RO          611    i.HAL_ADC_Start_DMA  stm32f1xx_hal_adc.o
    0x08001c74   0x08001c74   0x00000046   Code   RO         1246    i.HAL_DMA_Abort     stm32f1xx_hal_dma.o
    0x08001cba   0x08001cba   0x00000002   PAD
    0x08001cbc   0x08001cbc   0x00000098   Code   RO         1247    i.HAL_DMA_Abort_IT  stm32f1xx_hal_dma.o
    0x08001d54   0x08001d54   0x00000154   Code   RO         1251    i.HAL_DMA_IRQHandler  stm32f1xx_hal_dma.o
    0x08001ea8   0x08001ea8   0x0000005c   Code   RO         1252    i.HAL_DMA_Init      stm32f1xx_hal_dma.o
    0x08001f04   0x08001f04   0x00000070   Code   RO         1256    i.HAL_DMA_Start_IT  stm32f1xx_hal_dma.o
    0x08001f74   0x08001f74   0x00000024   Code   RO          872    i.HAL_Delay         stm32f1xx_hal.o
    0x08001f98   0x08001f98   0x000001e0   Code   RO         1182    i.HAL_GPIO_Init     stm32f1xx_hal_gpio.o
    0x08002178   0x08002178   0x0000000a   Code   RO         1184    i.HAL_GPIO_ReadPin  stm32f1xx_hal_gpio.o
    0x08002182   0x08002182   0x00000002   PAD
    0x08002184   0x08002184   0x0000000c   Code   RO          876    i.HAL_GetTick       stm32f1xx_hal.o
    0x08002190   0x08002190   0x00000188   Code   RO         1853    i.HAL_I2C_Init      stm32f1xx_hal_i2c.o
    0x08002318   0x08002318   0x00000130   Code   RO         1874    i.HAL_I2C_Mem_Write  stm32f1xx_hal_i2c.o
    0x08002448   0x08002448   0x0000005c   Code   RO          310    i.HAL_I2C_MspInit   i2c.o
    0x080024a4   0x080024a4   0x00000010   Code   RO          882    i.HAL_IncTick       stm32f1xx_hal.o
    0x080024b4   0x080024b4   0x00000024   Code   RO          883    i.HAL_Init          stm32f1xx_hal.o
    0x080024d8   0x080024d8   0x00000040   Code   RO          884    i.HAL_InitTick      stm32f1xx_hal.o
    0x08002518   0x08002518   0x0000003c   Code   RO          529    i.HAL_MspInit       stm32f1xx_hal_msp.o
    0x08002554   0x08002554   0x0000001a   Code   RO         1342    i.HAL_NVIC_EnableIRQ  stm32f1xx_hal_cortex.o
    0x0800256e   0x0800256e   0x00000002   PAD
    0x08002570   0x08002570   0x00000040   Code   RO         1348    i.HAL_NVIC_SetPriority  stm32f1xx_hal_cortex.o
    0x080025b0   0x080025b0   0x00000024   Code   RO         1349    i.HAL_NVIC_SetPriorityGrouping  stm32f1xx_hal_cortex.o
    0x080025d4   0x080025d4   0x000000a4   Code   RO         1143    i.HAL_RCCEx_GetPeriphCLKFreq  stm32f1xx_hal_rcc_ex.o
    0x08002678   0x08002678   0x000000ec   Code   RO         1144    i.HAL_RCCEx_PeriphCLKConfig  stm32f1xx_hal_rcc_ex.o
    0x08002764   0x08002764   0x0000012c   Code   RO         1040    i.HAL_RCC_ClockConfig  stm32f1xx_hal_rcc.o
    0x08002890   0x08002890   0x00000020   Code   RO         1047    i.HAL_RCC_GetPCLK1Freq  stm32f1xx_hal_rcc.o
    0x080028b0   0x080028b0   0x00000020   Code   RO         1048    i.HAL_RCC_GetPCLK2Freq  stm32f1xx_hal_rcc.o
    0x080028d0   0x080028d0   0x0000004c   Code   RO         1049    i.HAL_RCC_GetSysClockFreq  stm32f1xx_hal_rcc.o
    0x0800291c   0x0800291c   0x00000320   Code   RO         1052    i.HAL_RCC_OscConfig  stm32f1xx_hal_rcc.o
    0x08002c3c   0x08002c3c   0x00000028   Code   RO         1353    i.HAL_SYSTICK_Config  stm32f1xx_hal_cortex.o
    0x08002c64   0x08002c64   0x00000054   Code   RO         2988    i.HAL_TIMEx_ConfigBreakDeadTime  stm32f1xx_hal_tim_ex.o
    0x08002cb8   0x08002cb8   0x00000068   Code   RO         3004    i.HAL_TIMEx_MasterConfigSynchronization  stm32f1xx_hal_tim_ex.o
    0x08002d20   0x08002d20   0x0000005a   Code   RO         2281    i.HAL_TIM_Base_Init  stm32f1xx_hal_tim.o
    0x08002d7a   0x08002d7a   0x00000002   PAD
    0x08002d7c   0x08002d7c   0x00000028   Code   RO          352    i.HAL_TIM_Base_MspInit  tim.o
    0x08002da4   0x08002da4   0x000000dc   Code   RO         2290    i.HAL_TIM_ConfigClockSource  stm32f1xx_hal_tim.o
    0x08002e80   0x08002e80   0x0000004c   Code   RO          353    i.HAL_TIM_MspPostInit  tim.o
    0x08002ecc   0x08002ecc   0x000000cc   Code   RO         2353    i.HAL_TIM_PWM_ConfigChannel  stm32f1xx_hal_tim.o
    0x08002f98   0x08002f98   0x0000005a   Code   RO         2356    i.HAL_TIM_PWM_Init  stm32f1xx_hal_tim.o
    0x08002ff2   0x08002ff2   0x00000002   Code   RO         2358    i.HAL_TIM_PWM_MspInit  stm32f1xx_hal_tim.o
    0x08002ff4   0x08002ff4   0x0000009c   Code   RO         2361    i.HAL_TIM_PWM_Start  stm32f1xx_hal_tim.o
    0x08003090   0x08003090   0x00000002   Code   RO         3264    i.HAL_UARTEx_RxEventCallback  stm32f1xx_hal_uart.o
    0x08003092   0x08003092   0x00000002   Code   RO         3278    i.HAL_UART_ErrorCallback  stm32f1xx_hal_uart.o
    0x08003094   0x08003094   0x0000026c   Code   RO         3281    i.HAL_UART_IRQHandler  stm32f1xx_hal_uart.o
    0x08003300   0x08003300   0x00000064   Code   RO         3282    i.HAL_UART_Init     stm32f1xx_hal_uart.o
    0x08003364   0x08003364   0x00000080   Code   RO          400    i.HAL_UART_MspInit  usart.o
    0x080033e4   0x080033e4   0x00000002   Code   RO         3288    i.HAL_UART_RxCpltCallback  stm32f1xx_hal_uart.o
    0x080033e6   0x080033e6   0x0000009a   Code   RO         3290    i.HAL_UART_Transmit  stm32f1xx_hal_uart.o
    0x08003480   0x08003480   0x00000002   Code   RO         3293    i.HAL_UART_TxCpltCallback  stm32f1xx_hal_uart.o
    0x08003482   0x08003482   0x00000002   Code   RO          444    i.HardFault_Handler  stm32f1xx_it.o
    0x08003484   0x08003484   0x0000002e   Code   RO         1896    i.I2C_IsAcknowledgeFailed  stm32f1xx_hal_i2c.o
    0x080034b2   0x080034b2   0x00000002   PAD
    0x080034b4   0x080034b4   0x000000a8   Code   RO         1907    i.I2C_RequestMemoryWrite  stm32f1xx_hal_i2c.o
    0x0800355c   0x0800355c   0x00000056   Code   RO         1911    i.I2C_WaitOnBTFFlagUntilTimeout  stm32f1xx_hal_i2c.o
    0x080035b2   0x080035b2   0x00000002   PAD
    0x080035b4   0x080035b4   0x00000090   Code   RO         1912    i.I2C_WaitOnFlagUntilTimeout  stm32f1xx_hal_i2c.o
    0x08003644   0x08003644   0x000000bc   Code   RO         1913    i.I2C_WaitOnMasterAddressFlagUntilTimeout  stm32f1xx_hal_i2c.o
    0x08003700   0x08003700   0x00000056   Code   RO         1915    i.I2C_WaitOnTXEFlagUntilTimeout  stm32f1xx_hal_i2c.o
    0x08003756   0x08003756   0x00000002   PAD
    0x08003758   0x08003758   0x00000068   Code   RO          245    i.MX_ADC1_Init      adc.o
    0x080037c0   0x080037c0   0x0000002c   Code   RO          285    i.MX_DMA_Init       dma.o
    0x080037ec   0x080037ec   0x0000007c   Code   RO          219    i.MX_GPIO_Init      gpio.o
    0x08003868   0x08003868   0x00000040   Code   RO          311    i.MX_I2C1_Init      i2c.o
    0x080038a8   0x080038a8   0x000000cc   Code   RO          354    i.MX_TIM1_Init      tim.o
    0x08003974   0x08003974   0x00000038   Code   RO          401    i.MX_USART1_UART_Init  usart.o
    0x080039ac   0x080039ac   0x00000002   Code   RO          445    i.MemManage_Handler  stm32f1xx_it.o
    0x080039ae   0x080039ae   0x00000002   Code   RO          446    i.NMI_Handler       stm32f1xx_it.o
    0x080039b0   0x080039b0   0x00000034   Code   RO         3653    i.OLED_Clear        oled.o
    0x080039e4   0x080039e4   0x00000020   Code   RO         3659    i.OLED_Init         oled.o
    0x08003a04   0x08003a04   0x00000022   Code   RO         3662    i.OLED_Set_Pos      oled.o
    0x08003a26   0x08003a26   0x00000002   PAD
    0x08003a28   0x08003a28   0x0000009c   Code   RO         3664    i.OLED_ShowChar     oled.o
    0x08003ac4   0x08003ac4   0x00000058   Code   RO         3666    i.OLED_ShowString   oled.o
    0x08003b1c   0x08003b1c   0x00000024   Code   RO         3670    i.OLED_WR_CMD       oled.o
    0x08003b40   0x08003b40   0x00000024   Code   RO         3671    i.OLED_WR_DATA      oled.o
    0x08003b64   0x08003b64   0x00000002   Code   RO          447    i.PendSV_Handler    stm32f1xx_it.o
    0x08003b66   0x08003b66   0x00000002   Code   RO          448    i.SVC_Handler       stm32f1xx_it.o
    0x08003b68   0x08003b68   0x00000004   Code   RO          449    i.SysTick_Handler   stm32f1xx_it.o
    0x08003b6c   0x08003b6c   0x00000078   Code   RO           15    i.SystemClock_Config  main.o
    0x08003be4   0x08003be4   0x00000002   Code   RO         3616    i.SystemInit        system_stm32f1xx.o
    0x08003be6   0x08003be6   0x00000002   PAD
    0x08003be8   0x08003be8   0x0000006c   Code   RO         2374    i.TIM_Base_SetConfig  stm32f1xx_hal_tim.o
    0x08003c54   0x08003c54   0x0000001a   Code   RO         2375    i.TIM_CCxChannelCmd  stm32f1xx_hal_tim.o
    0x08003c6e   0x08003c6e   0x00000014   Code   RO         2385    i.TIM_ETR_SetConfig  stm32f1xx_hal_tim.o
    0x08003c82   0x08003c82   0x00000010   Code   RO         2386    i.TIM_ITRx_SetConfig  stm32f1xx_hal_tim.o
    0x08003c92   0x08003c92   0x00000002   PAD
    0x08003c94   0x08003c94   0x00000050   Code   RO         2387    i.TIM_OC1_SetConfig  stm32f1xx_hal_tim.o
    0x08003ce4   0x08003ce4   0x00000058   Code   RO         2388    i.TIM_OC2_SetConfig  stm32f1xx_hal_tim.o
    0x08003d3c   0x08003d3c   0x00000058   Code   RO         2389    i.TIM_OC3_SetConfig  stm32f1xx_hal_tim.o
    0x08003d94   0x08003d94   0x00000044   Code   RO         2390    i.TIM_OC4_SetConfig  stm32f1xx_hal_tim.o
    0x08003dd8   0x08003dd8   0x00000022   Code   RO         2392    i.TIM_TI1_ConfigInputStage  stm32f1xx_hal_tim.o
    0x08003dfa   0x08003dfa   0x00000024   Code   RO         2394    i.TIM_TI2_ConfigInputStage  stm32f1xx_hal_tim.o
    0x08003e1e   0x08003e1e   0x00000010   Code   RO         3295    i.UART_DMAAbortOnError  stm32f1xx_hal_uart.o
    0x08003e2e   0x08003e2e   0x0000004e   Code   RO         3305    i.UART_EndRxTransfer  stm32f1xx_hal_uart.o
    0x08003e7c   0x08003e7c   0x000000c2   Code   RO         3307    i.UART_Receive_IT   stm32f1xx_hal_uart.o
    0x08003f3e   0x08003f3e   0x00000002   PAD
    0x08003f40   0x08003f40   0x000000b8   Code   RO         3308    i.UART_SetConfig    stm32f1xx_hal_uart.o
    0x08003ff8   0x08003ff8   0x00000078   Code   RO         3311    i.UART_WaitOnFlagUntilTimeout  stm32f1xx_hal_uart.o
    0x08004070   0x08004070   0x0000000c   Code   RO          450    i.USART1_IRQHandler  stm32f1xx_it.o
    0x0800407c   0x0800407c   0x00000002   Code   RO          451    i.UsageFault_Handler  stm32f1xx_it.o
    0x0800407e   0x0800407e   0x00000028   Code   RO         3987    i.__ARM_fpclassify  m_ws.l(fpclassify.o)
    0x080040a6   0x080040a6   0x00000020   Code   RO         1355    i.__NVIC_SetPriority  stm32f1xx_hal_cortex.o
    0x080040c6   0x080040c6   0x0000000e   Code   RO         3835    i._is_digit         c_w.l(__printf_wp.o)
    0x080040d4   0x080040d4   0x000000c0   Code   RO           16    i.calculate_and_display_high_level_avg  main.o
    0x08004194   0x08004194   0x00000494   Code   RO           17    i.main              main.o
    0x08004628   0x08004628   0x0000003c   Code   RO           18    i.read_8_io         main.o
    0x08004664   0x08004664   0x0000007c   Code   RO           19    i.send_length_x_as_binary_and_decimal  main.o
    0x080046e0   0x080046e0   0x0000002c   Code   RO         3983    locale$$code        c_w.l(lc_numeric_c.o)
    0x0800470c   0x0800470c   0x00000062   Code   RO         3860    x$fpl$d2f           fz_ws.l(d2f.o)
    0x0800476e   0x0800476e   0x00000002   PAD
    0x08004770   0x08004770   0x00000150   Code   RO         3862    x$fpl$dadd          fz_ws.l(daddsub_clz.o)
    0x080048c0   0x080048c0   0x00000018   Code   RO         3920    x$fpl$dcmpinf       fz_ws.l(dcmpi.o)
    0x080048d8   0x080048d8   0x000002b0   Code   RO         3869    x$fpl$ddiv          fz_ws.l(ddiv.o)
    0x08004b88   0x08004b88   0x00000026   Code   RO         3872    x$fpl$dfltu         fz_ws.l(dflt_clz.o)
    0x08004bae   0x08004bae   0x00000002   PAD
    0x08004bb0   0x08004bb0   0x00000078   Code   RO         3878    x$fpl$dleqf         fz_ws.l(dleqf.o)
    0x08004c28   0x08004c28   0x00000154   Code   RO         3880    x$fpl$dmul          fz_ws.l(dmul.o)
    0x08004d7c   0x08004d7c   0x0000009c   Code   RO         3922    x$fpl$dnaninf       fz_ws.l(dnaninf.o)
    0x08004e18   0x08004e18   0x0000000c   Code   RO         3924    x$fpl$dretinf       fz_ws.l(dretinf.o)
    0x08004e24   0x08004e24   0x000001d4   Code   RO         3864    x$fpl$dsub          fz_ws.l(daddsub_clz.o)
    0x08004ff8   0x08004ff8   0x00000056   Code   RO         3882    x$fpl$f2d           fz_ws.l(f2d.o)
    0x0800504e   0x0800504e   0x00000002   PAD
    0x08005050   0x08005050   0x000000c4   Code   RO         3884    x$fpl$fadd          fz_ws.l(faddsub_clz.o)
    0x08005114   0x08005114   0x00000184   Code   RO         3891    x$fpl$fdiv          fz_ws.l(fdiv.o)
    0x08005298   0x08005298   0x00000026   Code   RO         3898    x$fpl$ffltu         fz_ws.l(fflt_clz.o)
    0x080052be   0x080052be   0x0000008c   Code   RO         3926    x$fpl$fnaninf       fz_ws.l(fnaninf.o)
    0x0800534a   0x0800534a   0x0000000a   Code   RO         3928    x$fpl$fretinf       fz_ws.l(fretinf.o)
    0x08005354   0x08005354   0x000000ea   Code   RO         3886    x$fpl$fsub          fz_ws.l(faddsub_clz.o)
    0x0800543e   0x0800543e   0x00000004   Code   RO         3906    x$fpl$printf1       fz_ws.l(printf1.o)
    0x08005442   0x08005442   0x00000000   Code   RO         3930    x$fpl$usenofp       fz_ws.l(usenofp.o)
    0x08005442   0x08005442   0x00000010   Data   RO           23    .constdata          main.o
    0x08005452   0x08005452   0x00000012   Data   RO         1053    .constdata          stm32f1xx_hal_rcc.o
    0x08005464   0x08005464   0x00000012   Data   RO         1145    .constdata          stm32f1xx_hal_rcc_ex.o
    0x08005476   0x08005476   0x00000010   Data   RO         3617    .constdata          system_stm32f1xx.o
    0x08005486   0x08005486   0x00000008   Data   RO         3618    .constdata          system_stm32f1xx.o
    0x0800548e   0x0800548e   0x00000228   Data   RO         3796    .constdata          oledfont.o
    0x080056b6   0x080056b6   0x000005e0   Data   RO         3797    .constdata          oledfont.o
    0x08005c96   0x08005c96   0x00000002   PAD
    0x08005c98   0x08005c98   0x00000094   Data   RO         3958    .constdata          c_w.l(bigflt0.o)
    0x08005d2c   0x08005d2c   0x00000020   Data   RO         4128    Region$$Table       anon$$obj.o
    0x08005d4c   0x08005d4c   0x0000001c   Data   RO         3982    locale$$data        c_w.l(lc_numeric_c.o)


    Execution Region RW_IRAM1 (Exec base: 0x20000000, Load base: 0x08005d68, Size: 0x000017e8, Max: 0x00005000, ABSOLUTE)

    Exec Addr    Load Addr    Size         Type   Attr      Idx    E Section Name        Object

    0x20000000   0x08005d68   0x00000030   Data   RW           24    .data               main.o
    0x20000030   0x08005d98   0x0000000c   Data   RW          890    .data               stm32f1xx_hal.o
    0x2000003c   0x08005da4   0x00000004   Data   RW         3619    .data               system_stm32f1xx.o
    0x20000040   0x08005da8   0x00000017   Data   RW         3673    .data               oled.o
    0x20000057   0x08005dbf   0x00000001   PAD
    0x20000058        -       0x00000fd2   Zero   RW           20    .bss                main.o
    0x2000102a   0x08005dbf   0x00000002   PAD
    0x2000102c        -       0x00000074   Zero   RW          246    .bss                adc.o
    0x200010a0        -       0x00000054   Zero   RW          312    .bss                i2c.o
    0x200010f4        -       0x00000048   Zero   RW          355    .bss                tim.o
    0x2000113c        -       0x00000048   Zero   RW          402    .bss                usart.o
    0x20001184        -       0x00000060   Zero   RW         3990    .bss                c_w.l(libspace.o)
    0x200011e4   0x08005dbf   0x00000004   PAD
    0x200011e8        -       0x00000200   Zero   RW            2    HEAP                startup_stm32f103xb.o
    0x200013e8        -       0x00000400   Zero   RW            1    STACK               startup_stm32f103xb.o


==============================================================================

Image component sizes


      Code (inc. data)   RO Data    RW Data    ZI Data      Debug   Object Name

       244         28          0          0        116       1675   adc.o
        44          4          0          0          0        710   dma.o
       124         12          0          0          0        899   gpio.o
       156         26          0          0         84       1537   i2c.o
      1748        374         16         48       4050     461238   main.o
       434         20          0         23          0       4539   oled.o
         0          0       2056          0          0        586   oledfont.o
        64         26        236          0       1536        788   startup_stm32f103xb.o
       164         28          0         12          0       5717   stm32f1xx_hal.o
      1448         68          0          0          0       8847   stm32f1xx_hal_adc.o
       216          6          0          0          0       1390   stm32f1xx_hal_adc_ex.o
       198         14          0          0          0      28803   stm32f1xx_hal_cortex.o
       808         36          0          0          0       4826   stm32f1xx_hal_dma.o
       490         34          0          0          0       2819   stm32f1xx_hal_gpio.o
      1414         32          0          0          0       9183   stm32f1xx_hal_i2c.o
        60          8          0          0          0        830   stm32f1xx_hal_msp.o
      1240         84         18          0          0       4972   stm32f1xx_hal_rcc.o
       400         28         18          0          0       2401   stm32f1xx_hal_rcc_ex.o
      1326         46          0          0          0      11924   stm32f1xx_hal_tim.o
       188         12          0          0          0       2076   stm32f1xx_hal_tim_ex.o
      1474         10          0          0          0       9728   stm32f1xx_hal_uart.o
        44         12          0          0          0       4501   stm32f1xx_it.o
         2          0         24          4          0       1047   system_stm32f1xx.o
       320         32          0          0         72       2244   tim.o
       184         20          0          0         72       1590   usart.o

    ----------------------------------------------------------------------
     12814        960       2402         88       5932     574870   Object Totals
         0          0         32          0          0          0   (incl. Generated)
        24          0          2          1          2          0   (incl. Padding)

    ----------------------------------------------------------------------

      Code (inc. data)   RO Data    RW Data    ZI Data      Debug   Library Member Name

        44          6          0          0          0         84   __2sprintf.o
         8          0          0          0          0         68   __main.o
       352          0          0          0          0         88   __printf_ss_wp.o
        14          0          0          0          0         68   __printf_wp.o
         0          0          0          0          0          0   __rtentry.o
        12          0          0          0          0          0   __rtentry2.o
         6          0          0          0          0          0   __rtentry4.o
        52          8          0          0          0          0   __scatter.o
        26          0          0          0          0          0   __scatter_copy.o
        28          0          0          0          0          0   __scatter_zi.o
        44          0          0          0          0        108   _printf_char.o
        48          6          0          0          0         96   _printf_char_common.o
         6          0          0          0          0          0   _printf_d.o
       120         16          0          0          0         92   _printf_dec.o
         6          0          0          0          0          0   _printf_f.o
      1054          0          0          0          0        216   _printf_fp_dec.o
       128         16          0          0          0         84   _printf_fp_infnan.o
       178          0          0          0          0         88   _printf_intcommon.o
         0          0          0          0          0          0   _printf_percent.o
         4          0          0          0          0          0   _printf_percent_end.o
         6          0          0          0          0          0   _printf_s.o
        82          0          0          0          0         80   _printf_str.o
         6          0          0          0          0          0   _printf_u.o
        10          0          0          0          0         68   _sputc.o
       228          4        148          0          0         96   bigflt0.o
      1936        128          0          0          0        672   btod.o
        18          0          0          0          0         80   exit.o
         6          0          0          0          0        152   heapauxi.o
         0          0          0          0          0          0   indicate_semi.o
        44         10         28          0          0         76   lc_numeric_c.o
         2          0          0          0          0          0   libinit.o
        18          0          0          0          0          0   libinit2.o
         2          0          0          0          0          0   libshutdown.o
         2          0          0          0          0          0   libshutdown2.o
         8          4          0          0         96         68   libspace.o
       138          0          0          0          0         80   lludiv10.o
         8          4          0          0          0         68   rt_locale_intlibspace.o
        78          0          0          0          0         80   rt_memclr_w.o
         2          0          0          0          0          0   rtexit.o
        10          0          0          0          0          0   rtexit2.o
       128          0          0          0          0         68   strcmpv7m.o
        72          0          0          0          0         80   strcpy.o
        62          0          0          0          0         76   strlen.o
        12          4          0          0          0         68   sys_exit.o
        74          0          0          0          0         80   sys_stackheap_outer.o
         2          0          0          0          0         68   use_no_semi.o
        98          4          0          0          0         92   d2f.o
       804         16          0          0          0        272   daddsub_clz.o
        24          0          0          0          0         68   dcmpi.o
       688        140          0          0          0        208   ddiv.o
        38          0          0          0          0         68   dflt_clz.o
       120          4          0          0          0         92   dleqf.o
       340         12          0          0          0        104   dmul.o
       156          4          0          0          0         92   dnaninf.o
        12          0          0          0          0         68   dretinf.o
        86          4          0          0          0         84   f2d.o
       430          8          0          0          0        168   faddsub_clz.o
       388         76          0          0          0         96   fdiv.o
        38          0          0          0          0         68   fflt_clz.o
       140          4          0          0          0         84   fnaninf.o
        10          0          0          0          0         68   fretinf.o
         4          0          0          0          0         68   printf1.o
         0          0          0          0          0          0   usenofp.o
        40          0          0          0          0         68   fpclassify.o

    ----------------------------------------------------------------------
      8520        478        176          0        100       4720   Library Totals
        20          0          0          0          4          0   (incl. Padding)

    ----------------------------------------------------------------------

      Code (inc. data)   RO Data    RW Data    ZI Data      Debug   Library Name

      5084        206        176          0         96       2952   c_w.l
      3376        272          0          0          0       1700   fz_ws.l
        40          0          0          0          0         68   m_ws.l

    ----------------------------------------------------------------------
      8520        478        176          0        100       4720   Library Totals

    ----------------------------------------------------------------------

==============================================================================


      Code (inc. data)   RO Data    RW Data    ZI Data      Debug   

     21334       1438       2578         88       6032     571370   Grand Totals
     21334       1438       2578         88       6032     571370   ELF Image Totals
     21334       1438       2578         88          0          0   ROM Totals

==============================================================================

    Total RO  Size (Code + RO Data)                23912 (  23.35kB)
    Total RW  Size (RW Data + ZI Data)              6120 (   5.98kB)
    Total ROM Size (Code + RO Data + RW Data)      24000 (  23.44kB)

==============================================================================

